[   0.000000] Initializing cgroup subsys cpuset
[    0.000000] Initializing cgroup subsys cpu
[    0.000000] Initializing cgroup subsys cpuacct
[    0.000000] Linux version 4.4.0-154-generic (buildd@lgw01-amd64-049) (gcc version 5.4.0 20160609 (Ubuntu 5.4.0-6ubuntu1~16.04.10) ) #181-Ubuntu SMP Tue Jun 25 05:29:03 UTC 2019 (Ubuntu 4.4.0-154.181-generic 4.4.179)
[    0.000000] Command line: BOOT_IMAGE=/boot/vmlinuz-4.4.0-154-generic root=LABEL=cloudimg-rootfs ro console=tty1 console=ttyS0
[   0.00000] KERNEL sppotecpus:[    0.000000]   Intel GenuineIntel
[    0.000000]   AMD AuthenticAMD
[    0.000000]   Centaur CentaurHauls
[    0.000000] x86/fpu: xstate_offset[2]:  576, xstate_sizes[2]:  256
[    0.000000] x86/fpu: Supporting XSAVE feature 0x01: 'x87 floating point registers'
[    0.000000] x86/fpu: Supporting XSAVE feature 0x02: 'SSE registers'
[    0.000000] x86/fpu: Supporting XSAVE feature 0x04: 'AVX registers'
[    0.000000] x86/fpu: Enabled xstaate features 0x7, context size is 832 bytes, using 'standard' format.
[    0.000000] e820: BIOS-provided physical RAM map:
[    0.000000] BIOS-e820: [mem 0x0000000000000000-0x000000000009fbff] usable
[    0.000000] BIOS-e820: [mem 0x000000000009fc00-0x000000000009ffff] reserved
[    0.00000] BIOS-e820: [mem 0x00000000000f0000-0x00000000000fffff] reserved
[    0.000000] BIOS-e820: [mem 0x0000000000100000-0x000000003ffeffff] usable
[    0.000000] BIOS-e820: [mem 0x000000003fff0000-0x00000003ffffff] APIat
[   .0000] BIO-e0:[mem 0000000fec00000-0x00000000fec00fff] reserved
[    0.000000] BIOS-e820: [mem 0x00000000fee00000-0x00000000fee00fff] reserved
[    0.000000] BIOS-e820: [mem 0x00000000fffc0000-0x00000000ffffffff] reserved
[    0.000000] NX (Execute Disable) protection: active
[    0.000000] SMBIOS 2.5 present.
[    0.000000] Hypervisor detected: KVM
[    0.000000] e820: last_pfn = 0x3fff0 max_arch_pfn = 0x400000000
[    0.000000] MTTRR: Disabled
[    0.000000] x86/PAT: MTRRs disabled, skipping PAT initialization too.
[    0.000000] CPU MTRRs all blank - virtualized system.
[    0.000000] x86/PAT: Configuration [0-7]: WB  WT  UC- UC  WB  WT  UC- UC  
[    0.000000] found SMP MP-table at [mem 0x0009fff0-0x0009ffff] mapped at [ffff88000009fff0]
[    0.000000] Scanning 1 areas for low memory corruption
[    0.000000] RAMDISK: [mem 0x362f8000-0x37173fff]
[    0.000000] ACPI: Early table checksum verification disabled
[    0.000000] ACPI: RSDP 0x00000000000E0000 000024 (v02 VBOX  )
[    0.000000] ACPI: XSDT 0x000000003FFF0030 00003C (v01 VBOX   VBOXXSDT 00000001 ASL  00000061)
[    0.000000] ACPI: FACP 0x000000003FFF00F0 0000F4 (v04 VBOX   VBOXFACP 00000001 ASL  00000061)
[   0.00000] API: DST x00000003FF0470 0021FF (v02 VBOX   VBOXBIOS 00000002 INTL 20100528)
[    0.000000] ACPI: FACS 0x000000003FFF0200 000040
[    0.000000] ACPI: FACS 0x000000003FFF0200 000040
[    0.000000] ACPI: APIC 0x000000003FFF0240 00005C (v02 VBOX   VBOXAPIC 00000001 ASL  00000061)
[    0.000000] ACPI: SSDT 0x000000003FFF02A0 0001CC (v01 VBOX   VBOXCPUT 00000002 INTL 20100528)
[    0.000000] No NUMA configuration found
[    0.000000] Faking a node at [mem 0x0000000000000000-0x000000003ffeffff]
[    0.000000] NODE_DATA(0) allocated [mem 0x3ffeb000-0x3ffeffff]
[    0.000000] kvm-clock: Using msrs 4b564d01 and 4b564d00
[    0.000000] kvm-clock: cpu 0, msr 0:3ffe3001, primary cpu clock
[    0.000000] kvm-clock: using sched offset of 7401047784 cycles
[    0.000000] clocksource: kvm-clock: mask: 0xffffffffffffffff max_cycles: 0x1cd42e4dffb, max_idle_ns: 881590591483 ns
[    0.000000] Zone ranges:
[    0.000000]   DMA      [mem 0x0000000000001000-0x0000000000ffffff]
[    0.000000]   DMA32    [mem 0x0000000001000000-0x000000003ffeffff]
[    0.000000]   Normal   empty
[    0.000000]   Device   empty
[    0.000000] Movable zone start for each node
[    0.000000] Early memory node ranges
[    0.000]  node   0: [mm 0000000000100-x00000000009efff]
[    0.000000]   node   0: [mem 0x0000000000100000-0x000000003ffeffff]
[    0.000000] Initmem setup node 0 [mem 0x0000000000001000-0x000000003ffeffff]
[    0.000000] ACPI: PM-Timer IO Port: 0x4008
[    0.000000] IOAPIC[0]: apic_id 2, version 32, address 0xfec00000, GSI 0-23
[    0.000000] ACPI: INT_SRC_OVR (bus 0 bus_irq 0 global_irq 2 dfl dfl)
[    0.000000] ACPI: INT_SRC_OVR (bus 0 bus_irq 9 global_irq 9 low level)
[    0.000000] Using ACPI (MADT) for SMP configuration information
[    0.000000] smpboot: Allowing 2 CPUs, 0 hotplug CPUs
[    0.000000] PM: Registered nosave memory: [mem 0x00000000-0x00000fff]
[    0.000000] PM: Registered nosave memory: [mem 0x0009f000-0x0009ffff]
[    0.000000] PM: Registered nosave memory: [mem 0x000a0000-0x000effff]
[    0.000000] PM: Registered nosave memory: [mem 0x000f0000-0x000fffff]
[    0.000000] e820: [mem 0x40000000-0xfebfffff] available for PCI devices
[    0.000000] Booting paravirtualized kernel on KVM
[    0.000000] clocksource: refined-jiffies: mask: 0xffffffff max_cycles: 0xffffffff, max_idle_ns: 7645519600211568 ns
[    0.000000] setup_percpu: NR_CPUS:512 nr_cpumask_bits:512 nr_cpu_ids:2 nr_node_ids:1
[    0.000000] PERCPU: Embedded 34 pages/cpu @ffff88003fc00000 s99480 r8192 d31592 u1048576
[    0.000000] Built 1 zonelists in Node order, mobility grouping on.  Total pages: 257912
[    0.000000] Policy zone: DMA32
[    0.000000] Kernel command line: BOOT_IMAGE=/boot/vmlinuz-4.4.0-154-generic root=LABEL=cloudimg-rootfs ro console=tty1 console=ttyS0
[    0.000000] PID hash table entries: 4096 (order: 3, 32768 bytes)
[    0.000000] Memory: 997728K/1048120K available (8613K kernel code, 1335K rwdata, 4028K rodata, 1484K init, 1284K bss, 50392K reserved, 0K cma-reserved)
[    0.000000] SLUB: HWalign=64, Order=0-3, MinObjects=0, CPUs=2, Nodes=1
[    0.000000] Kernel/User page tables isolation: enabled
[    0.000000] Hierarchical RCU implementation.
[    0.000000] 	Build-time adjustment of leaf fanout to 64.
[    0.000000] 	RCU restricting CPUs from NR_CPUS=512 to nr_cpu_ids=2.
[    0.00000] RCU: Adjtig geety orrcu_faou_laf=64 nr_cp_i=2
[    0.000000] N_IQS3324 nr_irs:440 16
[    0.000000] Conole: colour VGA+ 80x25
[    0.000000] cosole [tty1] enabled
[    0.000000] console [ttyS0] enabled
[    0.000000] tsc: Detected 3407.998 MHz processor
[    1.345648] Calibrating delay loop (skipped) preset value.. 6815.99 BogoMIPS (lpj=13631992)
[    1.351839] pid_max: default: 32768 minimum: 301
[    1.355010] ACPI: Core revision 20150930
[    1.358454] ACPI: 2 ACPI AML tables successfully acquired and loaded
[    1.362774] Security Framework initialized
[    1.365483] Yama: becoming mindful.
[    1.367860] AppArmor: AppArmor initialized
[    1.370675] Dentry cache hash table entries: 131072 (order: 8, 104576 bytes)
[    1.394116] Inode-cache hash table entries: 65536 (order: 7, 524288 bytes)
[    1.403797] Mount-cache hash table entries: 2048 (order: 2, 16384 bytes)
[    1.407704] Mountpoint-cache hash table entries: 2048 (order: 2, 16384 bytes)
[    1.412095] Initializing cgroup subsys io
[    1.414761] Initializing cgroup subsys memory
[    1.417282] Initializing cgroup subsys devices
[    1.419868] Initializing cgroup subsys freezer
[    1.422477] Initializing cgroup subsys net_cls
[    1.425132] Initializing cgroup subsys perf_event
[    1.427872] Initializing cgroup subsys net_prio
[    1.431133] Initializing cgroup subsys hugetlb
[    1.433790] Initializing cgroup subsys pids
[    1.437227] mce: CPU supports 0 MCE banks
[    1.439673] Last level iTLB entries: 4KB 128, 2MB 8, 4MB 8
[    1.442997] Last level dTLB entries: 4KB 64, 2MB 0, 4MB 0, 1GB 4
[    1.446426] Spectre V2 : Mitigation: Full generic retpoline
[    1.449742] Spectre V2 : Spectre v2 / SpectreRSB mitigation: Filling RSB on context switch
[    1.454669] Speculative Store Bypass: Vulnerable
[    1.457484] MDS: Vulnerable: Clear CPU buffers attempted, no microcode
[    1.463371] Freeing SMP alternatives memory: 36K
[    1.470545] ftrace: allocating 32299 entries in 127 pages
[    1.619321] smpboot: APIC(0) Converting physical 0 to logical package 0
[    1.635836] smpboot: Max logical packages: 1
[    1.638632] x2apic enabled
[    1.640512] Switched APIC routing to physical x2apic.
[    1.644467] ..TIMER: vector=0x30 apic1=0 pin1=2 apic2=-1 pin2=-1
[    1.755306] smpboot: CPU0: Intel(R) Core(TM) i5-7500 CPU @ 3.40GHz (family: 0x6, model: 0x9e, stepping: 0x9)
[    1.867392] Performance Events: unsupported p6 CPU model 158 no PMU driver, software events only.
[    1.906225] KVM setup paravirtual spinlock
[    2.030270] x86: Booting SMP configuration:
[    2.080204] .... node  #0, CPUs:      #1
[    2.090981] kvm-clock: cpu 1, msr 0:3ffe3041, secondary cpu clock
[    2.096311] mce: CPU supports 0 MCE banks
[    2.100862] x86: Booted up 1 node, 2 CPUs
[    2.103730] smpboot: Total of 2 processors activated (13631.99 BogoMIPS)
[    2.139617] devtmpfs: initialized
[    2.143206] evm: security.selinux
[    2.146439] evm: security.SMACK64
[    2.148613] evm: security.SMACK64EXEC
[    2.150869] evm: security.SMACK64TRANSMUTE
[    2.153332] evm: security.SMACK64MMAP
[    2.155499] evm: security.ima
[    2.157330] evm: security.capability
[    2.160028] clocksource: jiffies: mask: 0xffffffff max_cycles: 0xffffffff, max_idle_ns: 7645041785100000 ns
[    2.167366] futex hash table entries: 512 (order: 3, 32768 bytes)
[    2.244878] pinctrl core: initialized pinctrl subsystem
[    2.248001] RTC time:  3:35:51, date: 09/02/19
[    2.250867] NET: Registered protocol family 16
[    2.264074] cpuidle: using governor ladder
[    2.325095] cpuidle: using governor menu
[    2.382588] PCCT header not found.
[    2.384909] ACPI: bus type PCI registered
[    2.387260] acpiphp: ACPI Hot Plug PCI Controller Driver version: 0.5
[    2.391170] PCI: Using configuration type 1 for base access
[    2.405155] ACPI: Added _OSI(Module Device)
[    2.431777] ACPI: Added _OSI(Processor Device)
[    2.435239] ACPI: Added _OSI(3.0 _SCP Extensions)
[    2.444021] ACPI: Added _OSI(Processor Aggregator Device)
[    2.448444] ACPI: Executed 1 blocks of module-level executable AML code
[    2.459222] ACPI: Interpreter enabled
[    2.461922] ACPI: (supports S0 S5)
[    2.464508] ACPI: Using IOAPIC for interrupt routing
[    2.468293] PCI: Using host bridge windows from ACPI; if necessary, use "pci=nocrs" and report a bug
[    2.490143] ACPI: PCI Root Bridge [PCI0] (domain 0000 [bus 00-ff])
[    2.494004] acpi PNP0A03:00: _OSC: OS supports [ASPM ClockPM Segments MSI]
[    2.498053] acpi PNP0A03:00: _OSC: not requesting OS control; OS requires [ExtendedConfig ASPM ClockPM MSI]
[    2.506537] acpi PNP0A03:00: fail to add MMCONFIG information, can't access extended PCI configuration space under this bridge.
[    2.514046] PCI host bridge to bus 0000:00
[    2.516593] pci_bus 0000:00: root bus resource [io  0x0000-0x0cf7 window]
[    2.520776] pci_bus 0000:00: root bus resource [io  0x0d00-0xffff window]
[    2.526451] pci_bus 0000:00: root bus resource [mem 0x000a0000-0x000bffff window]
[    2.536799] pci_bus 0000:00: root bus resource [mem 0x40000000-0xfdffffff window]
[    2.632792] pci_bus 0000:00: root bus resource [bus 00-ff]
[    2.755596] pci 0000:00:01.1: legacy IDE quirk: reg 0x10: [io  0x01f0-0x01f7]
[    2.907850] pci 0000:00:01.1: legacy IDE quirk: reg 0x14: [io  0x03f6]
[    3.009529] pci 0000:00:01.1: legacy IDE quirk: reg 0x18: [io  0x0170-0x0177]
[    3.120723] pci 0000:00:01.1: legacy IDE quirk: reg 0x1c: [io  0x0376]
[    3.181164] pci 0000:00:07.0: quirk: [io  0x4000-0x403f] claimed by PIIX4 ACPI
[    3.326980] pci 0000:00:07.0: quirk: [io  0x4100-0x410f] claimed by PIIX4 SMB
[    3.480738] ACPI: PCI Interrupt Link [LNKA] (IRQs 5 9 10 *11)
[    3.541704] ACPI: PCI Interrupt Link [LNKB] (IRQs 5 9 *10 11)
[    3.565766] ACPI: PCI Interrupt Link [LNKC] (IRQs 5 *9 10 11)
[    3.570028] ACPI: PCI Interrupt Link [LNKD] (IRQs 5 9 10 *11)
[    3.574478] ACPI: Enabled 2 GPEs in block 00 to 07
[    3.578230] vgaarb: setting as boot device: PCI:0000:00:02.0
[    3.588435] vgaarb: device added: PCI:0000:00:02.0,decodes=io+mem,owns=io+mem,locks=none
[    3.593951] vgaarb: loaded
[    3.595889] vgaarb: bridge control possible 0000:00:02.0
[    3.605190] SCSI subsystem initialized
[    3.608033] ACPI: bus type USB registered
[    3.610540] usbcore: registered new interface driver usbfs
[    3.613869] usbcore: registered new interface driver hub
[    3.617351] usbcore: registered new device driver usb
[    3.629580] PCI: Using ACPI for IRQ routing
[    3.637990] NetLabel: Initializing
[    3.663617] NetLabel:  domain hash size = 128
[    3.733033] NetLabel:  protocols = UNLABELED CIPSOv4
[    3.785124] NetLabel:  unlabeled traffic allowed by default
[    3.876122] amd_nb: Cannot enumerate AMD northbridges
[    3.918820] clocksource: Switched to clocksource kvm-clock
[    .9657]ApAror AArorilsyemEnabled
[   .209] pnp: Pn AI ni
    4.497257] pnp: PnP ACPI: found 3 devices
[  4602629] clocksource:acpi_pm: mask: 0xffffff max_cycles: 0xffffff, max_idle_ns: 2085701024 ns
[    4.701512] NET: Registered protocol family 2

[    4.704600] TCP established hash table entries: 8192 (order: 4, 65536 bytes)
[    4.709285] TCP bind hash table entries: 8192 (order: 5, 131072 bytes)
[    4.713624] TCP: Hash tables configured (established 8192 bind 8192)
[    4.717878] UDP hash table entries: 512 (order: 2, 16384 bytes)
[    4.721527] UDP-Lite hash table entries: 512 (order: 2, 16384 bytes)
[    4.725299] NET: Registered protocol family 1
[    4.727816] pci 0000:00:00.0: Limitin dret CIPCI transfers
[    4.838876] pci 0000:00:01.0: Activating ISA DMA hang workarounds
[    4.842765] Unpacking initramfs...

[    5.029359] Freeing initrd memory: 14832K
[    5.094668] clocksource: tsc: mask: 0xffffffffffffffff max_cycles: 0x311fd208cfc, max_idle_ns: 440795283699 ns
[    5.149643] platform rtc_cmos: registered platform RTC device (no PNP device found)
[    5.190480] Scanning for low memory corruption every 60 seconds
[    5.194319] audit: initializing netlink subsys (disabled)
[    5.197424] audit: type=2000 audit(1567395360.196:1): initialized
[    5.201677] Initialise system trusted keyring
[    5.204494] HugeTLB registered 2 MB page size, pre-allocated 0 pages
[    5.209212] zbud: loaded
[    5.211395] VFS: Disk quotas dquot_6.6.0
[    5.315901] VFS: Dquot-cache hash table entries: 512 (order 0, 4096 bytes)
[    5.351668] squashfs: version 4.0 (2009/01/31) Phillip Lougher
[   .3660]fue ni (PIversion .2)
[    5.665274] Key type big_key registered
[    5.670042] Allocating IMA MOK and blacklist keyrings.
[    5.734853] Key type asymmetric registered
[    5.737305] Asymmetric key parser 'x509' registered
[    5.740611] Block layer SCSI generic (bsg) driver version 0.4 loaded (major 249)
[    5.779943] io scheduler noop registered
[    5.798257] io scheduler deadline registered (default)
[    5.801826] io scheduler cfq registered
[    5.806489] pci_hotplug: PCI Hot Plug PCI Core version: 0.5
[    5.810435] pciehp: PCI Express Hot Plug Controller Driver version: 0.4
[    5.815317] ACPI: AC Adapter [AC] (on-line)
[    5.818480] input: Power Button as /devices/LNXSYSTM:00/LNXPWRBN:00/input/input0
[    5.823597] ACPI: Power Button [PWRF]
[    5.826209] input: Sleep Button as /devices/LNXSYSTM:00/LNXSLPBN:00/input/input1
[    5.831167] ACPI: Sleep Button [SLPF]
[    5.834137] GHES: HEST is not enabled!
[    5.836792] Serial: 8250/16550 driver, 32 ports, IRQ sharing enabled
[    5.865415] 00:02: ttyS0 at I/O 0x3f8 (irq = 4, base_baud = 115200) is a 16550A
[    5.871811] Linux agpgart interface v0.103
[    5.875854] loop: module loaded
[    5.878331] scsi host0: ata_piix
[    5.880975] scsi host1: ata_piix
[    5.883295] ata1: PATA max UDMA/33 cmd 0x1f0 ctl 0x3f6 bmdma 0xd000 irq 14
[    5.934230] ata2: PATA max UDMA/33 cmd 0x170 ctl 0x376 bmdma 0xd008 irq 15
[    5.953747] libphy: Fixed MDIO Bus: probed
[    5.973583] tun: Universal TUN/TAP device driver, 1.6
[    6.040281] tun: (C) 1999-2004 Max Krasnyansky <maxk@qualcomm.com>
[    6.077022] PPP generic driver version 2.4.2
[    6.079903] ehci_hcd: USB 2.0 'Enhanced' Host Controller (EHCI) Driver
[    6.104458] ehci-pci: EHCI PCI platform driver
[    6.171614] ehci-platform: EHCI generic platform driver
[    6.175165] ohci_hcd: USB 1.1 'Open' Host Controller (OHCI) Driver
[    6.205113] ohci-pci: OHCI PCI platform driver
[    6.207799] ohci-platform: OHCI generic platform driver
[    6.210891] uhci_hcd: USB Universal Host Controller Interface driver
[    6.215089] i8042: PNP: PS/2 Controller [PNP0303:PS2K,PNP0f03:PS2M] at 0x60,0x64 irq 1,12
[    6.364498] serio: i8042 KBD port at 0x60,0x64 irq 1
[    6.367484] serio: i8042 AUX port at 0x60,0x64 irq 12
[    6.370606] mousedev: PS/2 mouse device common for all mice
[    6.374677] rtc_cmos rtc_cmos: rtc core: registered rtc_cmos as rtc0
[    6.378662] rtc_cmos rtc_cmos: alarms up to one day, 114 bytes nvram
[    6.382387] i2c /dev entries driver
[    6.384733] input: AT Translated Set 2 keyboard as /devices/platform/i8042/serio0/input/input2
[    6.389928] device-mapper: uevent: version 1.0.3
[    6.392841] device-mapper: ioctl: 4.34.0-ioctl (2015-10-28) initialised: dm-devel@redhat.com
[    6.397898] ledtrig-cpu: registered to indicate activity on CPUs
[    6.402034] NET: Registered protocol family 10
[    6.405200] NET: Registered protocol family 17
[    6.407991] Key type dns_resolver registered
[    6.410673] registered taskstats version 1
[    6.413177] Loading compiled-in X.509 certificates
[    6.416497] Loaded X.509 cert 'Build time autogenerated kernel key: 65139e04a67245b562a838c28b5e7032abdd4348'
[    6.422372] zswap: loaded using pool lzo/zbud
[    6.426728] Key type trusted registered
[    6.432154] Key type encrypted registered
[    6.434669] AppArmor: AppArmor sha1 policy hashing enabled
[    6.437811] ima: No TPM chip found, activating TPM-bypass!
[    6.441037] ima: Allocated hash algorithm: sha1
[    6.443870] evm: HMAC attrs: 0x1
[    6.446343]   Magic number: 3:512:562
[    6.448853] rtc_cmos rtc_cmos: setting system clock to 2019-09-02 03:35:55 UTC (1567395355)
[    6.454037] BIOS EDD facility v0.16 2004-Jun-25, 0 devices found
[    6.457630] EDD information not available.
[    6.461465] Freeing unused kernel memory: 1484K
[    6.475083] Write protecting the kernel read-only data: 14336k
[    6.600910] Freeing unused kernel memory: 1616K
[    6.624019] Freeing unused kernel memory: 68K
Loading, please wait...
starting version 229
[    6.641185] random: systemd-udevd: uninitialized urandom read (16 bytes read, 3 bits of entropy available)
[    6.641724] random: udevadm: uninitialized urandom read (16 bytes read, 3 bits of entropy available)
[    6.641753] random: udevadm: uninitialized urandom read (16 bytes read, 3 bits of entropy available)
[    6.649922] random: udevadm: uninitialized urandom read (16 bytes read, 3 bits of entropy available)
[    6.649974] random: udevadm: uninitialized urandom read (16 bytes read, 3 bits of entropy available)
[    6.650136] random: udevadm: uninitialized urandom read (16 bytes read, 3 bits of entropy available)
[    6.650194] random: udevadm: uninitialized urandom read (16 bytes read, 3 bits of entropy available)
[    6.650254] random: udevadm: uninitialized urandom read (16 bytes read, 3 bits of entropy available)
[    6.650311] random: udevadm: uninitialized urandom read (16 bytes read, 3 bits of entropy available)
[    6.650386] random: udevadm: uninitialized urandom read (16 bytes read, 3 bits of entropy available)
[    6.932191] e1000: Intel(R) PRO/1000 Network Driver - version 7.3.21-k8-NAPI
[    6.961210] e1000: Copyright (c) 1999-2006 Intel Corporation.
[    6.992853] AVX2 version of gcm_enc/dec engaged.
[    7.010468] Fusion MPT base driver 3.04.20
[    7.010468] Copyright (c) 1999-2008 LSI Corporation
[    7.030985] AES CTR mode by8 optimization enabled
[    7.047358] Fusion MPT SPI Host driver 3.04.20
[    7.216461] input: ImExPS/2 Generic Explorer Mouse as /devices/platform/i8042/serio1/input/input4
[    7.433575] e1000 0000:00:03.0 eth0: (PCI:33MHz:32-bit) 02:cf:25:3b:33:74
[    7.585057] e1000 0000:00:03.0 eth0: Intel(R) PRO/1000 Network Connection
[    7.740309] mptbase: ioc0: Initiating bringup
[    8.108611] ioc0: LSI53C1030 A0: Capabilities={Initiator}
[    9.409852] scsi host2: ioc0: LSI53C1030 A0, FwRev=00000000h, Ports=1, MaxQ=256, IRQ=20
[   10.581385] scsi 2:0:0:0: Direct-Access     VBOX     HARDDISK         1.0  PQ: 0 ANSI: 5
[   11.621729] scsi target2:0:0: Beginning Domain Validation
[   11.680954] scsi target2:0:0: Domain Validation skipping write tests
[   11.825084] scsi target2:0:0: Ending Domain Validation
[   11.966770] scsi target2:0:0: asynchronous
[   12.025461] scsi 2:0:1:0: Direct-Access     VBOX     HARDDISK         1.0  PQ: 0 ANSI: 5
[   12.077385] scsi target2:0:1: Beginning Domain Validation
[   12.195520] scsi target2:0:1: Domain Validation skipping write tests
[   12.221626] e1000 0000:00:08.0 eth1: (PCI:33MHz:32-bit) 08:00:27:7c:5d:dd
[   12.221629] e1000 0000:00:08.0 eth1: Intel(R) PRO/1000 Network Connection
[   12.275057] e1000 0000:00:03.0 enp0s3: renamed from eth0
[   12.380086] scsi target2:0:1: Ending Domain Validation
[   12.383283] scsi target2:0:1: asynchronous
[   12.395701] e1000 0000:00:08.0 enp0s8: renamed from eth1
[   12.409153] sd 2:0:0:0: Attached scsi generic sg0 type 0
[   12.451874] sd 2:0:0:0: [sda] 20971520 512-byte logical blocks: (10.7 GB/10.0 GiB)
[   12.477723] sd 2:0:1:0: Attached scsi generic sg1 type 0
[   12.477750] sd 2:0:1:0: [sdb] 20480 512-byte logical blocks: (10.5 MB/10.0 MiB)
[   12.477818] sd 2:0:0:0: [sda] Write Protect is off
[   12.477890] sd 2:0:1:0: [sdb] Write Protect is off
[   12.478000] sd 2:0:0:0: [sda] Incomplete mode parameter data
[   12.478001] sd 2:0:0:0: [sda] Assuming drive cache: write through
[   12.478042] sd 2:0:1:0: [sdb] Incomplete mode parameter data
[   12.478043] sd 2:0:1:0: [sdb] Assuming drive cache: write through
[   12.514004]  sda: sda1
[   12.558706] sd 2:0:0:0: [sda] Attached SCSI disk
[   12.565762] sd 2:0:1:0: [sdb] Attached SCSI disk
Begin: Loading essential drivers ... [   14.424735] md: linear personality registered for level -1
[   14.430468] md: multipath personality registered for level -4
[   14.435576] md: raid0 personality registered for level 0
[   14.442325] md: raid1 personality registered for level 1
[   14.515038] raid6: sse2x1   gen() 12929 MB/s
[   14.658908] raid6: sse2x1   xor()  9462 MB/s
[   14.731087] raid6: sse2x2   gen() 16022 MB/s
[   14.823085] raid6: sse2x2   xor() 10581 MB/s
[   14.915024] raid6: sse2x4   gen() 18340 MB/s
[   14.991097] raid6: sse2x4   xor() 12073 MB/s
[   15.062975] raid6: avx2x1   gen() 25396 MB/s
[   15.142833] raid6: avx2x2   gen() 30550 MB/s
[   15.270982] raid6: avx2x4   gen() 28927 MB/s
[   15.274068] raid6: using algorithm avx2x2 gen() 30550 MB/s
[   15.304194] raid6: using avx2x2 recovery algorithm
[   15.308570] xor: automatically using best checksumming function:
[   15.354934]    avx       : 78372.000 MB/sec
[   15.363199] async_tx: api initialized (async)
[   15.497248] md: raid6 personality registered for level 6
[   15.540454] md: raid5 personality registered for level 5
[   15.543873] md: raid4 personality registered for level 4
[   15.553320] md: raid10 personality registered for level 10
done.
Begin: Running /scripts/init-premount ... done[   15.697881] Btrfs loaded
.
Begin: Mounting root file system ... Begin: Running /scripts/local-top ... done.
Begin: Running /scripts/local-premount ... Scanning for Btrfs filesystems
done.
Warning: fsck not present, so skipping root file system
[   15.874172] EXT4-fs (sda1): mounted filesystem with ordered data mode. Opts: (null)
done.
Begin: Running /scripts/local-bottom ... done.
Begin: Running /scripts/init-bottom ... done.
[   16.450028] systemd[1]: systemd 229 running in system mode. (+PAM +AUDIT +SELINUX +IMA +APPARMOR +SMACK +SYSVINIT +UTMP +LIBCRYPTSETUP +GCRYPT +GNUTLS +ACL +XZ -LZ4 +SECCOMP +BLKID +ELFUTILS +KMOD -IDN)
[   16.461112] systemd[1]: Detected virtualization oracle.
[   16.464244] systemd[1]: Detected architecture x86-64.

Welcome to [1mUbuntu 16.04.6 LTS[0m!

[   16.505751] systemd[1]: Set hostname to <ubuntu>.
[   16.552942] systemd[1]: Initializing machine ID from random generator.
[   16.556833] systemd[1]: Installed transient /etc/machine-id file.
[   17.172204] random: nonblocking pool is initialized
[   17.559762] systemd[1]: Listening on Journal Socket.
[[0;32m  OK  [0m] Listening on Journal Socket.
[   17.566374] systemd[1]: Listening on LVM2 poll daemon socket.
[[0;32m  OK  [0m] Listening on LVM2 poll daemon socket.
[   17.574200] systemd[1]: Set up automount Arbitrary Executable File Formats File System Automount Point.
[[0;32m  OK  [0m] Set up automount Arbitrary Executab...ats File System Automount Point.
[   17.585719] systemd[1]: Listening on Journal Socket (/dev/log).
[[0;32m  OK  [0m] Listening on Journal Socket (/dev/log).
[   17.593227] systemd[1]: Started Trigger resolvconf update for networkd DNS.
[[0;32m  OK  [0m] Started Trigger resolvconf update for networkd DNS.
[   17.601809] systemd[1]: Created slice User and Session Slice.
[[0;32m  OK  [0m] Created slice User and Session Slice.
[   17.609394] systemd[1]: Reached target Encrypted Volumes.
[[0;32m  OK  [0m] Reached target Encrypted Volumes.
[   186095] systemd[1]:Cratd lie ysemSlce
[[0;32m  OK  [0m] Created slice System Slice.
[   18.439362] systemd[1]: Mounting Debug File System...
         Mounting Debug File System...
[   18.512577] systemd[1]: Mounting Huge Pages File System...
         Mounting Huge Pages File System...
[   18.582228] systemd[1]: Starting Set console keymap...
         Starting Set console keymap...
[   18.597382] systemd[1]: Starting Uncomplicated firewall...
         Starting Uncomplicated firewall...
[   18.622969] systemd[1]: Reached target Swap.
[[0;32m  OK  [0m] Reached target Swap.
[   18.631882] systemd[1]: Mounting POSIX Message Queue File System...
         Mounting POSIX Message Queue File System...
[   18.676783] systemd[1]: Listening on Journal Audit Socket.
[[0;32m  OK  [0m] Listening on Journal Audit Socket.
[   18.684528] systemd[1]: Reached target User and Group Name Lookups.
[[0;32m  OK  [0m] Reached target User and Group Name Lookups.
[   18.693069] systemd[1]: Listening on udev Control Socket.
[[0;32m  OK  [0m] Listening on udev Control Socket.
[   18.715537] systemd[1]: Starting Create list of required static device nodes for the current kernel...
         Starting Create list of required st... nodes for the current kernel...
[   18.728562] systemd[1]: Starting Nameserver information manager...
         Starting Nameserver information manager...
[   18.736079] systemd[1]: Listening on udev Kernel Socket.
[[0;32m  OK  [0m] Listening on udev Kernel Socket.
[   18.743382] systemd[1]: Starting Remount Root and Kernel File Systems...
         Starting Remount Root and Kernel File Systems...
[   18.751504] systemd[1]: Reached target Slices.
[   18.754262] EXT4-fs (sda1): re-mounted. Opts: (null)
[[0;32m  OK  [0m] Reached target Slices.
[   18.760257] systemd[1]: Listening on LVM2 metadata daemon socket.
[[0;32m  OK  [0m] Listening on LVM2 metadata daemon socket.
[   18.767984] systemd[1]: Started Forward Password Requests to Wall Directory Watch.
[[0;32m  OK  [0m] Started Forward Password Requests to Wall Directory Watch.
[   18.777515] systemd[1]: Listening on Device-mapper event daemon FIFOs.
[[0;32m  OK  [0m] Listening on Device-mapper event daemon FIFOs.
[   18.799260] systemd[1]: Starting Monitoring of LVM2 mirrors, snapshots etc. using dmeventd or progress polling...
         Starting Monitoring of LVM2 mirrors... dmeventd or progress polling...
[   18.812574] systemd[1]: Created slice system-serial\x2dgetty.slice.
[[0;32m  OK  [0m] Created slice system-serial\x2dgetty.slice.
[   18.822323] systemd[1]: Reached target System Time Synchronized.
[[0;32m  OK  [0m] Reached target System Time Synchronized.
[   18.830476] systemd[1]: Listening on /dev/initctl Compatibility Named Pipe.
[[0;32m  OK  [0m] Listening on /dev/initctl Compatibility Named Pipe.
[   18.839480] systemd[1]: Listening on Syslog Socket.
[[0;32m  OK  [0m] Listening on Syslog Socket.
[   18.863268] systemd[1]: Starting Journal Service...
         Starting Journal Service...
[   18.887694] systemd[1]: Starting Load Kernel Modules...
         Starting Load Kernel Modules...
[   18.899189] systemd[1]: Mounted POSIX Message Queue File System.
[[0;32m  OK  [0m] Mounted POSIX Message Queue File System.
[   18.909422] systemd[1]: Mounted Debug File System.
[[0;32m  OK  [0m] Mounted Debug File System.
[   18.916107] systemd[1]: Mounted Huge Pages File System.
[[0;32m  OK  [0m] Mounted Huge Pages File System.
[   18.924057] systemd[1]: Started Set console keymap.
[[0;32m  OK  [0m] Started Set console keymap.
[   18.931566] systemd[1]: Started Uncomplicated firewall.
[[0;32m  OK  [0m] Started Uncomplicated firewall.
[   18.939280] systemd[1]: Started Create list of required static device nodes for the current kernel.
[[0;32m  OK  [0m] Started Create list of required sta...ce nodes for the current kernel.
[   18.956574] Loading iSCSI transport class v2.0-870.
[   18.963602] systemd[1]: Started Remount Root and Kernel File Systems.
[[0;32m  OK  [0m] Started Remount Root and Kernel File Systems.
[   18.975779] systemd[1]: Started Nameserver information manager.
[[0;32m  OK  [0m] Started Nameserver information manager.
[   18.984707] iscsi: registered transport (tcp)
[   18.985382] systemd[1]: Started Journal Service.
[[0;32m  OK  [0m] Started Journal Service.
[[0;32m  OK  [0m] Started LVM2 metadata daemon.
         Starting Flush Journal to Persistent Storage...
[   19.069340] iscsi: registered transport (iser)
         Starting Load/Save Random Seed...
         Starting udev Coldplug all Devices...
         Starting Create Static Device Nodes in /dev...
[[0;32m  OK  [0m] Started Load Kernel Modules.
[[0;32m  OK  [0m] Started Load/Save Random Seed.
[   19.115750] systemd-journald[397]: Received request to flush runtime journal from PID 1
         Mounting FUSE Control File System...
         Starting Apply Kernel Variables...
[[0;32m  OK  [0m] Mounted FUSE Control File System.
[[0;32m  OK  [0m] Started Flush Journal to Persistent Storage.
[[0;32m  OK  [0m] Started udev Coldplug all Devices.
[[0;32m  OK  [0m] Started Apply Kernel Variables.
[[0;32m  OK  [0m] Started Create Static Device Nodes in /dev.
         Starting udev Kernel Device Manager...
[[0;32m  OK  [0m] Started udev Kernel Device Manager.
[[0;32m  OK  [0m] Started Dispatch Password Requests to Console Directory Watch.
[[0;32m  OK  [0m] Started Monitoring of LVM2 mirrors,...ng dmeventd or progress polling.
[[0;32m  OK  [0m] Reached target Local File Systems (Pre).
[[0;32m  OK  [0m] Reached target Local File Systems.
         Starting LSB: AppArmor initialization...
         Starting Create Volatile Files and Directories...
         Starting Tell Plymouth To Write Out Runtime Data...
         Starting Initial cloud-init job (pre-networking)...
         Starting Set console font and keymap...
         Starting Commit a transient machine-id on disk...
[[0;32m  OK  [0m] Started Create Volatile Files and Directories.
[[0;32m  OK  [0m] Started Tell Plymouth To Write Out Runtime Data.
[[0;32m  OK  [0m] Started Commit a transient machine-id on disk.
[[0;32m  OK  [0m] Found device /dev/ttyS0.
         Starting Update UTMP about System Boot/Shutdown...
[[0;32m  OK  [0m] Listening on Load/Save RF Kill Switch Status /dev/rfkill Watch.
[[0;32m  OK  [0m] Started Update UTMP about System Boot/Shutdown.
[[0;32m  OK  [0m] Started LSB: AppArmor initialization.
[[0;32m  OK  [0m] Started Set console font and keymap.
[[0;32m  OK  [0m] Created slice system-getty.slice.
[   18.395196] cloud-init[486]: Cloud-init v. 19.1-1-gbaa47854-0ubuntu1~16.04.1 running 'init-local' at Mon, 02 Sep 2019 03:36:10 +0000. Up 18.06 seconds.
[[0;32m  OK  [0m] Started Initial cloud-init job (pre-networking).
[[0;32m  OK  [0m] Reached target Network (Pre).
         Starting Raise network interfaces...
[[0;32m  OK  [0m] Started Raise network interfaces.
         Starting Initial cloud-init job (metadata service crawler)...
[[0;32m  OK  [0m] Reached target Network.
[   19.678879] cloud-init[966]: Cloud-init v. 19.1-1-gbaa47854-0ubuntu1~16.04.1 running 'init' at Mon, 02 Sep 2019 03:36:11 +0000. Up 18.90 seconds.
[   19.694336] cloud-init[966]: ci-info: ++++++++++++++++++++++++++++++++++++++Net device info+++++++++++++++++++++++++++++++++++++++
[   19.708181] cloud-init[966]: ci-info: +--------+-------+----------------------------+---------------+--------+-------------------+
[   19.795066] [[0;32m  OK  [0m] Started Initial cloud-init job (metadata service crawler).
cloud-init[966]: ci-info: | Device |   Up  |          Address           |      Mask     | Scope  |     Hw-Address    |
[[0;32m  OK  [0m] Reached target Network is Online.
[   19.819401] cloud-init[966]: ci-info: +--------+-------+----------------------------+---------------+--------+-------------------+
[   19.832873] cloud-init[966]: ci-info: | enp0s3 |  True |         10.0.2.15          | 255.255.255.0 | global | 02:cf:25:3b:33:74 |
[   19.848362]          cloud-initStarting iSCSI initiator daemon (iscsid)...[966]: 
ci-info: | enp0s3 |  True | fe80::cf:25ff:fe3b:3374/64 |       .       |  link  | 02:cf:25:3b:33:74 |
[   19.871028] cloud-init[966]: ci-info: | enp0s8 | False |             .              |       .       |   .    | 08:00:27:7c:5d:dd |
[[0;32m  OK  [0m] Reached target Cloud-config availability.
[[0;32m  OK  [0m] Reached target System Initialization.
         Starting Socket activation for snappy daemon.
[   19.872425] cloud-init[966]: ci-info: |   lo   |  True |         127.0.0.1          |   255.0.0.0   |  host  |         .         |
[   19.930020] [cloud-init[0;32m  OK  [0m[966]: ] ci-info: |   lo   |  True |          ::1/128           |       .       |  host  |         .         |Started Daily Cleanup of Temporary Directories.

[   19.931449] cloud-init[966]: ci-info: +--------+-------+----------------------------+---------------+--------+-------------------+         
Starting LXD - unix socket.
[   19.970708] [[0;32m  OK  [0m] Listening on D-Bus System Message Bus Socket.
[[0;32m  OK  [0m] Listening on ACPID Listen Socket.
[[0;32m  OK  [0m] Listening on UUID daemon activation socket.
[[0;32m  OK  [0m] Started Daily apt download activities.
[[0;32m  OK  [0m] Started Daily apt upgrade and clean activities.
[[0;32m  OK  [0m] Reached target Timers.
cloud-init[966]: ci-info: +++++++++++++++++++++++++++Route IPv4 info++++++++++++++++++++++++++++
[   20.006703] cloud-init[966]: ci-info: +-------+-------------+----------+---------------+-----------+-------+
[[0;32m  OK  [0m] Started ACPI Events Check.
[   20.008159] cloud-init[966]: ci-info: | Route | Destination | Gateway  |    Genmask    | Interface | Flags |
[[0;32m  OK  [0m] Reached target Paths.
[   20.028282] cloud-init[966]: ci-info: +-------+-------------+----------+---------------+-----------+-------+
[   20.068231] [[0;32m  OK  [0m] Listening on Socket activation for snappy daemon.
[[0;32m  OK  [0m] Listening on LXD - unix socket.
cloud-init[966]: ci-info: |   0   |   0.0.0.0   | 10.0.2.2 |    0.0.0.0    |   enp0s3  |   UG  |
[[0;32m  OK  [0m] Reached target Sockets.
[   20.107009] cloud-init[966]: ci-info: |   1   |   10.0.2.0  | 0.0.0.0  | 255.255.255.0 |   enp0s3  |   U   |
[[0;32m  OK  [0m] Reached target Basic System.
[   20.121937] cloud-init[966]: ci-info: +-------+-------------+----------+---------------+-----------+-------+
[   20.159007] cloud-init[966]: ci-info: +++++++++++++++++++Route IPv6 info+++++++++++++++++++
[   20.170008] cloud-init[966]: ci-info: +-------+-------------+---------+-----------+-------+
[[0;32m  OK  [0m] Started ACPI event daemon.
[   20.172458] cloud-init[966]: ci-info: | Route | Destination | Gateway | Interface | Flags |
         Starting Pollinate to seed the pseudo random number generator...
[   20.204152] cloud-init[966]: ci-info: +-------+-------------+---------+-----------+-------+
[   20.236466] cloud-init[966]: ci-info: |   0   |  fe80::/64  |    ::   |   enp0s3  |   U   |
[[0;32m  OK  [0m] Started Deferred execution scheduler.
[   20.239314] cloud-init[966]: ci-info: |   3   |   ff00::/8  |    ::   |   enp0s3  |   U   |
[   20.272188] cloud-init[966]: ci-info: +-------+-------------+---------+-----------+-------+
[   20.287427] [[0;32m  OK  [0m] Started D-Bus System Message Bus.
cloud-init[966]: Generating public/private rsa key pair.
[   20.306691] cloud-init[966]: Your identification has been saved in /etc/ssh/ssh_host_rsa_key.
[   20.331695] cloud-init[966]: Your public key has been saved in /etc/ssh/ssh_host_rsa_key.pub.
[   20.342734] cloud-init[966]: The key fingerprint is:
[   20.349118] cloud-init[966]: SHA256:dK6Q7nPk9gxZgXG7XZ7u4R4wlzl0s8V2M4iVd55TdV0 root@ubuntu-xenial
[   20.360145] cloud-init[966]: The key's randomart image is:
[   20.367514] cloud-init[966]: +---[RSA 2048]----+
[   20.380304] cloud-init[966]: |        . .  .. E|
[   20.384478] cloud-init[966]: |         + .o..o=|
[   20.388725] cloud-init[966]: |        o +. .+=X|
[   20.395072] cloud-init[966]: |       o o + + OO|
[   20.414237]          cloud-initStarting Login Service...[966]: 
|      o S + + B..|
         Starting Accounts Service...
[   20.425462]          Starting LXD - container startup/shutdown...
cloud-init[966]: |     . ..+   = . |
         Starting Snappy daemon...
[   20.472528] cloud-init[966]: |      .o+     +  |
[   20.492773] cloud-init[966]: |     .. +o   o o |
         Starting /etc/rc.local Compatibility...
[   20.494155] cloud-init[966]: |      .+ .o  .+  |
[   20.545762]          cloud-initStarting LSB: MD monitoring daemon...[966]: 
+----[SHA256]-----+
[   20.547069] cloud-init[966]: Generating public/private dsa key pair.
[   20.608818]          cloud-initStarting System Logging Service...[966]: 
Your identification has been saved in /etc/ssh/ssh_host_dsa_key.
[   20.635322] cloud-init[966]: Your public key has been saved in /etc/ssh/ssh_host_dsa_key.pub.
[[0;32m  OK  [0m] Started FUSE filesystem for LXC.
[   20.637026] cloud-init[966]: The key fingerprint is:
[   20.686212] cloud-init[966]: SHA256:/tmJ5/NWL/G3E3vSyd8zf7Vh9M5tMwD4MET6JLFr5mg root@ubuntu-xenial
[   20.714358] [[0;32m  OK  [0m] Started Regular background program processing daemon.
cloud-init[966]: The key's randomart image is:
[   20.744384]          cloud-initStarting LSB: Record successful boot for GRUB...[966]: 
+---[DSA 1024]----+
[   20.745950] cloud-init[966]: |       ...       |
[   20.775193]          Starting Virtualbox guest utils...
cloud-init[966]: |        +.       |
[   20.797010] [[0;32m  OK  [0m] Started iSCSI initiator daemon (iscsid).
cloud-init[966]: |       +...      |
[   20.824372] [cloud-init[0;32m  OK  [0m[966]: ] |        =+ .   . |Started /etc/rc.local Compatibility.

[   20.825660] cloud-init[966]: |       +S.+ . . .|
[   20.872766] cloud-init[966]: |      =.   . ..++|
[   20.886443] cloud-init[966]: |     E ..     +BX|
[   20.928662] cloud-init[[966]: [0;32m  OK  [0m|    .    . +o.+@&|] 
Started System Logging Service.
[   20.930164] [cloud-init[0;32m  OK  [0m[966]: ] |          +o++.=^|Started LSB: MD monitoring daemon.

[[0;32m  OK  [0m] Started LSB: Record successful boot for GRUB.
[   21.040529] cloud-init[966]: +----[SHA256]-----+
[   21.088520] cloud-init[[966]: [0;32m  OK  [0mGenerating public/private ecdsa key pair.] 
Started Login Service.
[   21.106645] cloud-init[966]: Your identification has been saved in /etc/ssh/ssh_host_ecdsa_key.
[   21.107089] cloud-init[966]: Your public key has been saved in /etc/ssh/ssh_host_ecdsa_key.pub.
[   21.108953] cloud-init[966]: The key fingerprint is:
[   21.108988] cloud-init[966]: SHA256:BXY5qc0AxWEvmD10+pq7FKdHI2a+5vGdUKTVrf7xw6c root@ubuntu-xenial
[   21.109017] cloud-init[966]: The key's randomart image is:
[   21.109045] cloud-init[966]: +---[ECDSA 256]---+
[   21.109083] cloud-init[966]: |      .+B.oo     |
[   21.109112] cloud-init[966]: |       Bo*+  . . |
[   21.109138] cloud-init[966]: |      o ==o.o . .|
[[0;32m  OK  [0m] Started Unattended Upgrades Shutdown.
[   21.109192] cloud-init[966]: |        .=o+   . |
[   21.320631] cloud-init[966]: |        S * . .  |
         Starting Authenticate and Authorize Users to Run Privileged Tasks...
[   21.321407] cloud-init[966]: |       + O o .   |
[   21.366989] cloud-init[966]: |        B o   o. |
[   21.367690] cloud-init[966]: |       ..* o . ++|
         Starting Login to default iSCSI targets...
[   21.368726] cloud-init[966]: |       o=.. o E.=|
[   21.389729] cloud-init[966]: +----[SHA256]-----+
[   21.396179] [cloud-init[0;32m  OK  [0m[966]: ] Generating public/private ed25519 key pair.Started LXD - container startup/shutdown.

[[0;32m  OK  [0m] Started Virtualbox guest utils.
[   21.397702] cloud-init[966]: [[0;32m  OK  [0m] Started Authenticate and Authorize Users to Run Privileged Tasks.
Your identification has been saved in /etc/ssh/ssh_host_ed25519_key.
[   21.464469] cloud-init[966]: Your public key has been saved in /etc/ssh/ssh_host_ed25519_key.pub.
[[0;32m  OK  [0m] Started Accounts Service.
[   21.466519] cloud-init[966]: The key fingerprint is:
[   21.512420] cloud-init[966]: SHA256:94XfCBLr5d/mPoU7zwYwlUyq4dIdoSvt6kO1po31Omo root@ubuntu-xenial
[   21.536992] cloud-init[966]: The key's randomart image is:
[   21.550237] cloud-init[966]: +--[ED25519 256]--+
[   21.559723] cloud-init[966]: |            .o.. |
[[0;32m  OK  [0m] Started Login to default iSCSI targets.
[   21.585349] [[0;32m  OK  [0m] Started Snappy daemon.
cloud-init[966]: |           . o+  |
         Starting Wait until snapd is fully seeded...
[[0;32m  OK  [0m] Reached target Remote File Systems (Pre).
[   21.645274] cloud-init[966]: |          + o.   |
[[0;32m  OK  [0m] Reached target Remote File Systems.
[   21.653275] cloud-init[966]: |         +.Boo   |
[   21.696404]          cloud-initStarting LSB: Set the CPU Frequency Scaling governor to "ondemand"...[966]: 
|        S.X.=o.. |
[   21.732372] cloud-init[966]:          |        .*+= +oo.|Starting Permit User Sessions...

[   21.734621] cloud-init[966]: |       . *o.o ooo|
[   21.772854]          cloud-initStarting LSB: automatic crash report generation...[966]: 
|        E.o ..o+o|
[   21.796305]          cloud-initStarting LSB: daemon to balance interrupts for SMP systems...[966]: 
|       o+o.o  .BB|
[[0;32m  OK  [0m] Started Permit User Sessions.
[   21.814261] cloud-init[966]: +----[SHA256]-----+
[[0;32m  OK  [0m] Started LSB: Set the CPU Frequency Scaling governor to "ondemand".
         Starting Terminate Plymouth Boot Screen...
         Starting Hold until boot process finishes up...
[[0;32m  OK  [0m] Started LSB: automatic crash report generation.
[[0;32m  OK  [0m] Started Hold until boot process finishes up.
[[0;32m  OK  [0m] Started LSB: daemon to balance interrupts for SMP systems.
[[0;32m  OK  [0m] Started Terminate Plymouth Boot Screen.
[[0;32m  OK  [0m] Started Getty on tty1.
[[0;32m  OK  [0m] Started Serial Getty on ttyS0.
[[0;32m  OK  [0m] Reached target Login Prompts.
         Starting Set console scheme...
[[0;32m  OK  [0m] Started Set console scheme.
[[0;32m  OK  [0m] Started Pollinate to seed the pseudo random number generator.
         Starting OpenBSD Secure Shell server...
[[0;32m  OK  [0m] Started OpenBSD Secure Shell server.
[[0;32m  OK  [0m] Created slice User Slice of vagrant.
         Starting User Manager for UID 1000...
[[0;32m  OK  [0m] Started Session 1 of user vagrant.
[[0;32m  OK  [0m] Started User Manager for UID 1000.
[[0;32m  OK  [0m] Started Session 2 of user vagrant.
         Starting Hostname Service...
[[0;32m  OK  [0m] Started Hostname Service.
[[0;32m  OK  [0m] Stopped ifup for enp0s3.
[[0;32m  OK  [0m] Started ifup for enp0s3.
[[0;32m  OK  [0m] Stopped ifup for enp0s8.
[[0;32m  OK  [0m] Started ifup for enp0s8.
[[0;32m  OK  [0m] Started Wait until snapd is fully seeded.
         Starting Apply the settings specified in cloud-config...
[[0;32m  OK  [0m] Reached target Multi-User System.
[[0;32m  OK  [0m] Reached target Graphical Interface.
         Starting Update UTMP about System Runlevel Changes...
[[0;32m  OK  [0m] Started Update UTMP about System Runlevel Changes.
[   27.113068] cloud-init[1905]: Generating locales (this might take a while)...
[   27.796879] cloud-init[1905]:   en_US.UTF-8... done
[   27.800282] cloud-init[1905]: Generation complete.

Ubuntu 16.04.6 LTS webserver2 ttyS0

webserver2 login: [   28.232555] cloud-init[1905]: Cloud-init v. 19.1-1-gbaa47854-0ubuntu1~16.04.1 running 'modules:config' at Mon, 02 Sep 2019 03:36:19 +0000. Up 26.99 seconds.
ci-info: no authorized ssh keys fingerprints found for user ubuntu.
<14>Sep  2 03:36:21 ec2: 
<14>Sep  2 03:36:21 ec2: #############################################################
<14>Sep  2 03:36:21 ec2: -----BEGIN SSH HOST KEY FINGERPRINTS-----
<14>Sep  2 03:36:21 ec2: 1024 SHA256:/tmJ5/NWL/G3E3vSyd8zf7Vh9M5tMwD4MET6JLFr5mg root@ubuntu-xenial (DSA)
<14>Sep  2 03:36:21 ec2: 256 SHA256:BXY5qc0AxWEvmD10+pq7FKdHI2a+5vGdUKTVrf7xw6c root@ubuntu-xenial (ECDSA)
<14>Sep  2 03:36:21 ec2: 256 SHA256:94XfCBLr5d/mPoU7zwYwlUyq4dIdoSvt6kO1po31Omo root@ubuntu-xenial (ED25519)
<14>Sep  2 03:36:21 ec2: 2048 SHA256:dK6Q7nPk9gxZgXG7XZ7u4R4wlzl0s8V2M4iVd55TdV0 root@ubuntu-xenial (RSA)
<14>Sep  2 03:36:21 ec2: -----END SSH HOST KEY FINGERPRINTS-----
<14>Sep  2 03:36:21 ec2: #############################################################
-----BEGIN SSH HOST KEY KEYS-----
ecdsa-sha2-nistp256 AAAAE2VjZHNhLXNoYTItbmlzdHAyNTYAAAAIbmlzdHAyNTYAAABBBCoj5PLiz8LGngVKVkF/YdhVzLELYBko0gKf9iHYSjYvQnBqekUSYRXTh/rMX7Vyzi5ijEpcCKg5A5TBDPE4gcM= root@ubuntu-xenial
ssh-ed25519 AAAAC3NzaC1lZDI1NTE5AAAAIMN2rtMZypoAqm9Orsr3QCdiT0nmpo0tbSSNmLRuIl21 root@ubuntu-xenial
ssh-rsa AAAAB3NzaC1yc2EAAAADAQABAAABAQCusSsmPOuJM6ETkDBQGUjLaraPvMJenAxsSUym0cjO+r42m7mjeqIOlRQU7eig4b1OvNarKJ4vvr/2eCkFS/zfds0S8gJp1GkrxIWDsNjsepEyUPw5QH6UA3ZL0fPls/Yu/v7WVq/C3UJIsVw7/hy5679ecQw6iv5URn1cMSlPvUSLs2ozrPXvgDMn9R62HQCK/R/po/Vb9ECYBkP9M1uhDy7BCnrp2sdbocNPi57CCJDUoqG2aDKFajOG3uXQnH93iBBhcggLJ3LGt38yxibpypUwuHTOjb4t7VsCp3awE1K0YJWpobDMH6x+gjZ5lIVNzyul3NOlIa72mHoB9hp1 root@ubuntu-xenial
-----END SSH HOST KEY KEYS-----
[   28.689378] cloud-init[2028]: Cloud-init v. 19.1-1-gbaa47854-0ubuntu1~16.04.1 running 'modules:final' at Mon, 02 Sep 2019 03:36:20 +0000. Up 28.49 seconds.
[   28.698938] cloud-init[2028]: ci-info: no authorized ssh keys fingerprints found for user ubuntu.
[   28.705053] cloud-init[2028]: Cloud-init v. 19.1-1-gbaa47854-0ubuntu1~16.04.1 finished at Mon, 02 Sep 2019 03:36:21 +0000. Datasource DataSourceNoCloud [seed=/dev/sdb][dsmode=net].  Up 28.68 seconds
