[    0.00000 Iitaliizing cgroup subsys cpuset
[    0.000000] Initializing cgroup subsys cu
[   0.000000] Initializing cgroup subsys cpuacct
[    0.000000] Linux version 4.4.0-159-generic (buildd@lgw01-amd64-042) (gcc version 5.4.0 20160609 (Ubuntu 5.4.0-6ubuntu1~16.04.10) ) #187-Ubuntu SMP Thu Aug 1 16:28:06 UTC 2019 (Ubuntu 4.4.0-159.187-generc .4.185)
[    0.000000] Command line: BOOT_IMAGE=/boot/vmlinuz-4.4.0-159-ggeneric root=LABEL=cloudimg-rootfs ro console=tty1 console=ttyS0
[    0.000000] KERNEL supported cpus:
[    0.000000]   Intel GenuineIntel
[    0.000000]   AMD AuthenticAMD
[    0.000000]   Centaur CentaurHauls
[    0.000000] x86/fpu: xstate_offset[2]:  576, xstate_sizes[2]:  256
[    0.000000] x86/fpu: Supporting XSAVE feature 0x01: 'x87 floating point registers'
[    0.000000] x86/fpu: Supporting XSAVE feature 0x02: 'SSE registers'
[    0.000000] x86/fpu: Supporting XSAVE feature 0x04: 'AVX registers'
[    0.000000] x86/fpu: Enabled xstate features 0x7, context size is 832 bytes, using 'standard' format.
[    0.000000] e820: BIOS-provided physical RAM map:
[    0.000000] BIOS-e820: [mem 0x0000000000000000-0x000000000009fbff] usable
[   0.00000] IOe80: [mem0x00000000fc0-x000000000fff]reerved
[    0.0000]BIS-e820[mm x0000000000f00000x0000000ffffff]reered
[    0.000000] BIOS-e820: [mem 0x0000000000100000-0x000000003ffeffff] usable
[   .0000]BIOS-e82: me 0000000003fff0000-0x000000003fffffff] ACPI data
[  000000] BIO-e20 [em 0x00000fe00000-0x0000fec0ff rerrved
[    00000] IO-e820: [mem 0x00000000fee00000-0000000ee00ff rserved
[    0.000000] BIOS-e820: [mem 0x00000000fffc000-0x00000000ffffffff] reserved
[    0.000000] NX (Execute Disable) protection: active
[    0.000000] SMBIOS 2.5 present.
[    0.000000] Hypervisor detected: KVM
[    0.000000] e820: last_pfn = 0x3fff0 max_arch_pfn = 0x400000000
[    0.000000] MTRR: Disabled
[    0.000000] x86/PAT: MTRRs disabled, skipping PAT initialization too.
[    0.000000] CPU MTRRs all blank - virtualized system.
[    0.000000] x86/PAT: Configuration [0-7]: WB  WT  UC- UC  WB  WT  UC- UC  
[    0.000000] found SMP MP-table at [mem 0x0009fff0-0x0009ffff] mapped at [ffff88000009fff0]
[    0.000000] Scanning 1 areas for low memory corruption
[    0.000000] RMDISK: [mm x3f8000-0x37173fff]
[    0.000000] ACPI: Early table checksum verification disabled
[    0.000000] ACPI: RSDP 0x00000000000E0000 000024 (v02 VBOX  )
[    0.000000] ACPI: XSDT 0x000000003FFF0030 00003C (v01 VBOX   VBOXXSDT 00000001 ASL  00000061)
[    0.000000] ACPI: FACP 0x000000003FFF00F0 0000F4 (v04 VBOX   VBOXFACP 00000001 ASL  00000061)
[    0.000000] ACPI: DSDT 0x000000003FFF0470 0021FF (v02 VBOX   VBOXBIOS 00000002 INTL 20100528)
[    0.000000] ACPI: FACS 0x000000003FFF0200 000040
[    0.000000] ACPI: FACS 0x000000003FFF0200 000040
[    0.000000] ACPI: APIC 0x000000003FFF0240 00005C (v02 VBOX   VBOXAPIC 00000001 ASL  00000061)
[    0.000000] ACPI: SSDT 0x000000003FFF02A0 0001CC (v01 VBOX   VBOXCPUT 00000002 INTL 20100528)
[    0.000000] No NUMA configuration found
[    0.000000] Faking a node at [mem 0x0000000000000000-0x000000003ffeffff]
[    0.000000] NODE_DATA(0) allocated [mem 0x3ffeb000-0x3ffeffff]
[     0.000000] kvm-clock Uin mrs 4b564d01 and 4b564d00
[    0.000000] kvm-clock: cpu 0, msr 0:3ffe3001, primary cpu clock
[    0.000000] kvm-clock: using sched offset of 5487542799 cycles
[    0.000000] clocksource: kvm-clock: mask: 0xffffffffffffffff max_cycles: 0x1cd42e4dffb, max_idle_ns: 881590591483 ns
[    0.000000] Zone ranges:
[    0.000000]   DMA      [mem 0x0000000000001000-0x0000000000ffffff]
[    0.000000]   DMA32    [mem 0x0000000001000000-0x000000003ffeffff]
[    0.000000]   Normal   empty
[    0.000000]   Device   empty
[    0.000000] Movable zone start for each node
[    0.000000] Early memory node ranges
[    0.000000]   node   0: [mem 0x0000000000001000-0x000000000009efff]
[    0.000000]   node   0: [mem 0x0000000000100000-0x000000003ffeffff]
[    0.000000] Initmem setup node 0 [mem 0x0000000000001000-0x000000003ffeffff]
[    0.000000] ACPI: PM-Timer IO Port: 0x4008
[    0.000000] IOAPIC[0]: apic_id 2, version 32, address 0xfec00000, GSI 0-23
[    0.000000] ACPI: INT_SRC_OVR (bus 0 bus_irq 0 global_irq 2 dfl dfl)
[    0.000000] ACPI: INT_SRC_OVR (bus 0 bus_irq 9 global_irq 9 low level)
[    0.000000] Using ACPI (MADT) for SMP configuration information
[    0.000000] smpboot: Allowing 2 CPUs, 0 hotplug CPUs
[    0.000000] PM: Registered nosave memory: [mem 0x00000000-0x00000fff]
[    0.000000] PM: Registered nosave memory: [mem 0x0009f000-0x0009ffff]
[    0.000000] PM: Registered nosave memory: [mem 0x000a0000-0x000effff]
[    0.000000] PM: Registered nosave memory: [mem 0x000f0000-0x000fffff]
[    0.000000] e820: [mem 0x40000000-0xfebfffff] available for PCI devices
[    0.000000] Booting paravirtualized kernel on KVM
[    0.000000] clocksource: refined-jiffies: mask: 0xffffffff max_cycles: 0xffffffff, max_idle_ns: 7645519600211568 ns
[    0.000000] setup_percpu: NR_CPUS:512 nr_cpumask_bits:512 nr_cpu_ids:2 nr_node_ids:1
[    0.000000] PERCPU: Embedded 34 pages/cpu @ffff88003fc00000 s99544 r8192 d31528 u1048576
[    0.000000] Built 1 zonelists in Node order, mobility grouping on.  Total pages: 257912
[    0.000000] Policy zone: DMA32
[    0.000000] Kernel command line: BOOT_IMAGE=/boot/vmlinuz-4.4.0-159-generic root=LABEL=cloudimg-rootfs ro console=tty1 console=ttyS0
[    0.00000] PID hash table entries: 4096 (order: 3, 32768 bytes)
[    0.000000] Memory: 997724K/1048120K available (8618K kernel code, 1335K rwdata, 4032K rodata, 1488K init, 1284K bss, 50396K reserved, 0K cma-reserved)
[    0.000000] SLUB: HWalign=64, Order=0-3, MinObjects=0, CPUs=2, Nodes=1
[   0.000000] Kernel/User page tables isolation: enabled
[    0.000000] Hierarchical RCU implementation.
[    0.000000] 	Build-time adjustment of leaf fanout to 64.
[    0.000000] 	RCU restricting CPUs from NR_CPUS=512 to nr_cpu_ids=2.
[    0.000000] RCU: Adjusting geometry for rcu_fanout_leaf=64, nr_cpu_ids=2
[    0.000000] NR_IRQS:33024 nr_irqs:440 16
[    0.000000] Console: colour VGA+ 80x25
[    0.000000] console [tty1] enabled
[    0.000000] console [ttyS0] enabled
[    0.000000] tsc: Detected 3407.998 MHz processor
[    1.6656394] Calibrating delay loop (skipped) preset value.. 6815.99 BogoMIPS (lpj=13631992)
[    1.769422] pid_max: default: 32768 minimum: 301
[    1.819018] ACPI: Core revision 20150930
[    1.883862] ACPI: 2 ACPI AML tables successfully acquired and loaded
[    1.920896] Security Framework initialized
[    2.027049] Yama: becoming mindful.
[    2.087565] AppArmor: AppArmor initialized
[    2.111005] Dentry cache hash table entries: 131072 (order: 8, 1048576 bytes)
[    2.232808] Inode-cache hash table entries: 65536 (order: 7, 524288 bytes)
[    2.253921] Mount-cache hash table entries: 2048 (order: 2, 16384 bytes)
[    2.257722] Mountpoint-cache hash table entries: 2048 (order: 2, 16384 bytes)
[    2.261501] Initializing cgroup subsys io
[    2.263869] Initializing cgroup subsys memory
[    2.266331] Initializing cgroup subsys devices
[    2.268716] Initializing cgroup subsys freezer
[    2.271160] Initializing cgroup subsys net_cls
[    2.273517] Initializing cgroup subsys perf_event
[    2.276056] Initializing cgroup subsys net_prio
[    2.278469] Initializing cgroup subsys hugetlb
[    2.280869] Initializing cgroup subsys pids
[    2.284415] mce: CPU supports 0 MCE banks
[    2.286593] Last level iTLB entries: 4KB 128, 2MB 8, 4MB 8
[    2.289453] Last level dTLB entries: 4KB 64, 2MB 0, 4MB 0, 1GB 4
[    2.292573] Spectre V1 : Mitigation: usercopy/swapgs barriers and __user pointer sanitization
[    2.297471] Spectre V2 : Mitigation: Full generic retpoline
[    2.383594] Spectre V2 : Spectre v2 / SpectreRSB mitigation: Filling RSB on context switch
[    2.388705] Speculative Store Bypass: Vulnerable
[    2.391561] MDS: Vulnerable: Clear CPU buffers attempted, no microcode
[    2.397889] Freeing SMP alternatives memory: 36K
[    2.405574] ftrace: allocating 32318 entries in 127 pages
[    2.457357] smpboot: APIC(0) Converting physical 0 to logical package 0
[    2.462575] smpboot: Max logical packages: 1
[    2.465262] x2apic enabled
[    2.467095] Switched APIC routing to physical x2apic.
[    2.470713] ..TIMER: vector=0x30 apic1=0 pin1=2 apic2=-1 pin2=-1
[    2.578994] smpboot: CPU0: Intel(R) Core(TM) i5-7500 CPU @ 3.40GHz (family: 0x6, model: 0x9e, stepping: 0x9)
[    2.726264] Performance Events: unsupported p6 CPU model 158 no PMU driver, software events only.
[    2.884486] KVM setup paravirtual spinlock
[    2.910237] x86: Booting SMP configuration:
[    2.959123] .... node  #0, CPUs:      #1
[    3.051869] kvm-clock: cpu 1, msr 0:3ffe3041, secondary cpu clock
[    3.060475] mce: CPU supports 0 MCE banks
[    3.079897] x86: Booted up 1 node, 2 CPUs
[    3.118751] smpboot: Total of 2 processors activated (13631.99 BogoMIPS)
[    3.247678] devtmpfs: initialized
[    3.328612] evm: security.selinux
[    3.384055] evm: security.SMACK64
[    3.449988] evm: security.SMACK64EXEC
[    3.477002] evm: security.SMACK64TRANSMUTE
[    3.507224] evm: security.SMACK64MMAP
[    3.514679] evm: security.ima
[    3.516763] evm: security.capability
[    3.519404] clocksource: jiffies: mask: 0xffffffff max_cycles: 0xffffffff, max_idle_ns: 7645041785100000 ns
[    3.526583] futex hash table entries: 512 (order: 3, 32768 bytes)
[    3.531509] pinctrl core: initialized pinctrl subsystem
[    3.545142] RTC time:  5:01:25, date: 09/02/19
[    3.547933] NET: Registered protocol family 16
[    3.560094] cpuidle: using governor ladder
[    3.576345] cpuidle: using governor menu
[    3.636482] PCCT header not found.
[    3.707831] ACPI: bus type PCI registered
[    3.749468] acpiphp: ACPI Hot Plug PCI Controller Driver version: 0.5
[    3.806974] PCI: Using configuration type 1 for base access
[    3.962672] ACPI: Added _OSI(Module Device)
[    4.026008] ACPI: Added _OSI(Processor Device)
[    4.107397] ACPI: Added _OSI(3.0 _SCP Extensions)
[    4.206647] ACPI: Added _OSI(Processor Aggregator Device)
[    4.245930] ACPI: Executed 1 blocks of module-level executable AML code
[    4.296267] ACPI: Interpreter enabled
[    4.329125] ACPI: (supports S0 S5)
[    4.367943] ACPI: Using IOAPIC for interrupt routing
[    4.446843] PCI: Using host bridge windows from ACPI; if necessary, use "pci=nocrs" and report a bug
[    4.503740] ACPI: PCI Root Bridge [PCI0] (domain 0000 [bus 00-ff])
[    4.582941] acpi PNP0A03:00: _OSC: OS supports [ASPM ClockPM Segments MSI]
[    4.634588] acpi PNP0A03:00: _OSC: not requesting OS control; OS requires [ExtendedConfig ASPM ClockPM MSI]
[    4.670406] acpi PNP0A03:00: fail to add MMCONFIG information, can't access extended PCI configuration space under this bridge.
[    4.706803] PCI host bridge to bus 0000:00
[    4.709565] pci_bus 0000:00: root bus resource [io  0x0000-0x0cf7 window]
[    4.713506] pci_bus 0000:00: root bus resource [io  0x0d00-0xffff window]
[    4.770439] pci_bus 0000:00: root bus resource [mem 0x000a0000-0x000bffff window]
[    4.810384] pci_bus 0000:00: root bus resource [mem 0x40000000-0xfdffffff window]
[    4.826069] pci_bus 0000:00: root bus resource [bus 00-ff]
[    4.837828] pci 0000:00:01.1: legacy IDE quirk: reg 0x10: [io  0x01f0-0x01f7]
[    4.847612] pci 0000:00:01.1: legacy IDE quirk: reg 0x14: [io  0x03f6]
[    4.855887] pci 0000:00:01.1: legacy IDE quirk: reg 0x18: [io  0x0170-0x0177]
[    4.869623] pci 0000:00:01.1: legacy IDE quirk: reg 0x1c: [io  0x0376]
[    4.897156] pci 0000:00:07.0: quirk: [io  0x4000-0x403f] claimed by PIIX4 ACPI
[    4.946524] pci 0000:00:07.0: quirk: [io  0x4100-0x410f] claimed by PIIX4 SMB
[    5.012307] ACPI: PCI Interrupt Link [LNKA] (IRQs 5 9 10 *11)
[    5.045800] ACPI: PCI Interrupt Link [LNKB] (IRQs 5 9 *10 11)
[    5.119218] ACPI: PCI Interrupt Link [LNKC] (IRQs 5 *9 10 11)
[    5.181331] ACPI: PCI Interrupt Link [LNKD] (IRQs 5 9 10 *11)
[    5.298325] ACPI: Enabled 2 GPEs in block 00 to 07
[    5.354884] vgaarb: setting as boot device: PCI:0000:00:02.0
[    5.400474] vgaarb: device added: PCI:0000:00:02.0,decodes=io+mem,owns=io+mem,locks=none
[    5.450217] vgaarb: loaded
[    5.452160] vgaarb: bridge control possible 0000:00:02.0
[    5.470517] SCSI subsystem initialized
[    5.473459] ACPI: bus type USB registered
[    5.476185] usbcore: registered new interface driver usbfs
[    5.479430] usbcore: registered new interface driver hub
[    5.482698] usbcore: registered new device driver usb
[    5.486218] PCI: Using ACPI for IRQ routing
[    5.494592] NetLabel: Initializing
[    5.497425] NetLabel:  domain hash size = 128
[    5.500832] NetLabel:  protocols = UNLABELED CIPSOv4
[    5.506452] NetLabel:  unlabeled traffic allowed by default
[    5.522650] amd_nb: Cannot enumerate AMD northbridges
[    5.529454] clocksource: Switched to clocksource kvm-clock
[    5.543225] AppArmor: AppArmor Filesystem Enabled
[    5.548414] pnp: PnP ACPI init
[    5.552868] pnp: PnP ACPI: found devices

[    5.616080] clocksourc acpim:ask: 0xffffff max_cycle 0xfffff, max_idle_ns: 2085701024 ns
[    5.9909084] NET: Registered protocol family 2
[    5.968449] TCP established hash table entries: 8192 (order: 4, 65536 bytes)
[    5.976244] TCP bind hash table entries: 8192 (order: 5, 131072 bytes)
[    5.982368] TCP: Hash tables configured (estabshed 8192 bind 192)
[    6.126816] UDP hash table entries: 512 (order: 2, 16384 bytes)
[    .13931 UDP-Lite hash table entries: 512 (order: 2 16384 bytes)
[    6.293863] NET: Registeredrotocol family 1
[    .413288] pci 000:00:00.0: Limiting direct PCI/PCI transfers
[    6.506557] pci 0000:00:01.0: Aivating ISA DMA hang workarounds
[    6.574868] Unpacking initramfs...
[    7.236581] Freeing initrd memory: 14832K
[    7.239572] clocksource: tsc: mask: 0xffffffffffffffff max_cycles: 0x311fd208cfc, max_idle_ns: 440795283699 ns
[    7.246264] platform rtc_cmos: registered platform RTC device (no PNP device found)
[    7.251448] Scanning for low memory corruption every 60 seconds
[    7.259209] audit: initializing netlink subsys (disabled)
[    7.264188] audit: type=2000 audit(1567400491.106:1): initialized
[    7.268571] Initialise system trusted keyring
[    7.277834] HugeTLB registered 2 MB page size, pre-allocated 0 pages
[    7.283986] zbud: loaded
[    7.287616] VFS: Disk quotas dquot_6.6.0
[    7.294748] VFS: Dquot-cache hash table entries: 512 (order 0, 4096 bytes)
[    7.308552] squashfs: version 4.0 (2009/01/31) Phillip Lougher
[    7.312974] fuse init (API version 7.23)
[    7.316417] Key type big_key registered
[    7.319636] Allocating IMA MOK and blacklist keyrings.
[    7.325763] Key type asymmetric registered
[    7.329814] Asymmetric key parser 'x509' registered
[    7.336111] Block layer SCSI generic (bsg) driver version 0.4 loaded (major 249)
[    7.341763] io scheduler noop registered
[    7.344998] io scheduler deadline registered (default)
[    7.350341] io scheduler cfq registered
[    7.353364] pci_hotplug: PCI Hot Plug PCI Core version: 0.5
[    7.534029] pciehp: PCI Express Hot Plug Controller Driver version: 0.4
[    7.715409] ACPI: AC Adapter [AC] (on-line)
[    7.770765] input: Power Button as /devices/LNXSYSTM:00/LNXPWRBN:00/input/input0
[    7.941007] ACPI: Power Button [PWRF]
[    8.001224] input: Sleep Button as /devices/LNXSYSTM:00/LNXSLPBN:00/input/input1
[    8.238033] ACPI: Sleep Button [SLPF]
[    8.244329] GHES: HEST is not enabled!
[    8.253933] Serial: 8250/16550 drive 32 ports, IRQ sharing enabled
ÿ[    8.386454] 00:02: ttyS0 at I/O 0x3f8 (irq = 4, base_baud = 115200) is a 16550A
[    8.527546] Linux agpgart interface v0.103
[    8.596345] loop: module loaded
[    8.658251] scsi host0: ata_piix
[    8.694567] scsi host1: ata_piix
[    8.744188] ata1: PATA max UDMA/33 cmd 0x1f0 ctl 0x3f6 bmdma 0xd000 irq 14
[    8.858738] ata2: PATA max UDMA/33 cmd 0x170 ctl 0x376 bmdma 0xd008 irq 15
[    8.870469] libphy: Fixed MDIO Bus: probed
[    8.873709] tun: Unversal TUN/TAP dice driver, 1.6
[    8.966991] tun: (C) 1999-2004 Max Krasnyansky <maxk@qualcomm.com>

[    8.971160] PPP generic driver version 2.4.2
[    8.974336] ehci_hcd: USB 2.0 'Enhanced' Host Controller (EHCI) Driver
[    8.978901] ehci-pci: EHCI PCI platform driver
[   9.08796] ehcilatformEHC generic pltform driver
[    9.740416] ohci_hcd: USB 1.1 'Open' Host Controller (OHCI) Driver
[    9.980180] ohci-pci: OHCI PCI platform driver
[    9.983603] ohci-platform: OHCI generic platform driver
[    9.987799] uhci_hcd: USB Universal Host Controller Interface driver
[    9.992001] i8042: PNP: PS/2 Controller [PNP0303:PS2K,PNP0f03:PS2M] at 0x60,0x64 irq 1,12
[    9.998044] serio: i8042 KBD port at 0x60,0x64 irq 1
[   10.001222] serio: i8042 UX port at 0x60,0x64 irq 12

[   10.045777] mousedev: PS/2 mouse device common for all mice
[   10.056015] rtc_cmos rtc_cmos: rtc core: registered rtc_cmos as rtc0
[   10.061743] rtc_cmos rtc_cmos: alarms up to one day, 114 bytes nvram
[   10.065971] i2c /dev entries driver
[   10.068553] device-mapper: uevent: version 1.0.3
[   10.071875] input: AT Translated Set 2 keyboard as /devices/platform/i8042/serio0/input/input2
[   10.079206] device-mapper: ioctl: 4.34.0-ioctl (2015-10-28) initialised: dm-devel@redhat.com
[   10.091995] ledtrig-cpu: registered to indicate activity on CPUs
[   10.098044] NET: Registered protocol family 10
[   10.102208] NET: Registered protocol family 17
[   10.118105] Key type dns_resolver registered
[   1.1965]egitered taskstat vesion
[   10.641930] Loading compiled-in X.509 certificates
[   10.648464] Loaded X.509 cert 'Build time autgenerated kernel key: d14182f9795b80ec340f636a5a08bf5817ccd8e7'
[   10.713763] zswap: loaded using ool lzo/zbud

[   10.754737] Key type trusted registered
[   10.764853] Key type encrypted registered
[   10.775486] AppArmor: AppArmor sha1 policy hashing enabled
[   10.780031] ima: No TPM chip found, activating TPM-bypass!
[   10.788314] ima: Allocated hash algorithm: sha1
[   10.796774] evm: HMAC attrs:0x1

[   10.835203]   Magic number: 3:656:10
[   10.839280] rtc_cmos rc_cmos: setting system clock to 2019-09-0 05:01:32 UTC (1567400492)

[   10.908724] BIOS EDD facility v0.16 2004-Jun-25, 0 devices found
[   10.913048] EDD information not available.
[   10.917130] Freeing unused kernel memory: 1488K
[   11.222966] Write protecting the kernel read-only data: 14336k
[   12.210013] Freeing unused kernel memory: 1608K
[   12.218986] Freeing unused kernel memory: 64K
Loading, please wait...
starting version[   12.277326] random: udevadm: uninitialized urandom read (16 bytes read, 7 bits of entropy available)
 229
[   12.292138] random: udevadm: uninitialized urandom read (16 bytes read, 7 bits of entropy available)
[   12.292387] random: systemd-udevd: uninitialized urandom read (16 bytes read, 7 bits of entropy available)
[   12.292444] random: systemd-udevd: uninitialized urandom read (16 bytes read, 7 bits of entropy available)
[   12.292452] random: systemd-udevd: uninitialized urandom read (16 bytes read, 7 bits of entropy available)
[   12.292461] random: systemd-udevd: uninitialized urandom read (16 bytes read, 7 bits of entropy available)
[   12.447802] random: systemd-udevd: uninitialized urandom read (16 bytes read, 7 bits of entropy available)
[   12.456431] random: udevadm: uninitialized urandom read (16 bytes read, 7 bits of entropy available)
[   12.456487] random: udevadm: uninitialized urandom read (16 bytes read, 7 bits of entropy available)
[   12.456633] random: udevadm: uninitialized urandom read (16 bytes read, 7 bits of entropy available)
[   12.599231] e1000: Intel(R) PRO/1000 Network Driver - version 7.3.21-k8-NAPI
[   12.606189] e1000: Copyright (c) 1999-2006 Intel Corporation.
[   12.634450] Fusion MPT base driver 3.04.20
[   12.737894] Copyright (c) 1999-2008 LSI Corporation
[   12.804397] AVX2 version of gcm_enc/dec engaged.
[   12.843228] AES CTR mode by8 optimization enabled
[   12.897066] Fusion MPT SPI Host driver 3.04.20
[   13.019971] input: ImExPS/2 Generic Explorer Mouse as /devices/platform/i8042/serio1/input/input4
[   13.483855] e1000 0000:00:03.0 eth0: (PCI:33MHz:32-bit) 02:49:b7:a9:fe:dc
[   13.488759] e1000 0000:00:03.0 eth0: Intel(R) PRO/1000 Network Connection
[   14.041971] e1000 0000:00:08.0 eth1: (PCI:33MHz:32-bit) 08:00:27:5c:db:ea
[   14.046194] e1000 0000:00:08.0 eth1: Intel(R) PRO/1000 Network Connection
[   14.051430] e1000 0000:00:03.0 enp0s3: renamed from eth0
[   14.054658] mptbase: ioc0: Initiating bringup
[   14.065822] e1000 0000:00:08.0 enp0s8: renamed from eth1
[   14.238995] ioc0: LSI53C1030 A0: Capabilities={Initiator}
[   15.239573] scsi host2: ioc0: LSI53C1030 A0, FwRev=00000000h, Ports=1, MaxQ=256, IRQ=20
[   16.347715] scsi 2:0:0:0: Direct-Access     VBOX     HARDDISK         1.0  PQ: 0 ANSI: 5
[   16.405804] scsi target2:0:0: Beginning Domain Validation
[   16.409649] scsi target2:0:0: Domain Validation skipping write tests
[   16.413173] scsi target2:0:0: Ending Domain Validation
[   16.416156] scsi target2:0:0: asynchronous
[   16.418911] scsi 2:0:1:0: Direct-Access     VBOX     HARDDISK         1.0  PQ: 0 ANSI: 5
[   16.423456] scsi target2:0:1: Beginning Domain Validation
[   16.427069] scsi target2:0:1: Domain Validation skipping write tests
[   16.438236] scsi target2:0:1: Ending Domain Validation
[   16.441612] scsi target2:0:1: asynchronous
[   16.452127] sd 2:0:0:0: Attached scsi generic sg0 type 0
[   16.455418] sd 2:0:0:0: [sda] 20971520 512-byte logical blocks: (10.7 GB/10.0 GiB)
[   16.455445] sd 2:0:1:0: [sdb] 20480 512-byte logical blocks: (10.5 MB/10.0 MiB)
[   16.455480] sd 2:0:1:0: Attached scsi generic sg1 type 0
[   16.455557] sd 2:0:1:0: [sdb] Write Protect is off
[   16.455649] sd 2:0:1:0: [sdb] Incomplete mode parameter data
[   16.455650] sd 2:0:1:0: [sdb] Assuming drive cache: write through
[   16.463211] sd 2:0:1:0: [sdb] Attached SCSI disk
[   16.488663] sd 2:0:0:0: [sda] Write Protect is off
[   16.491591] sd 2:0:0:0: [sda] Incomplete mode parameter data
[   16.494745] sd 2:0:0:0: [sda] Assuming drive cache: write through
[   16.501564]  sda: sda1
[   16.503763] sd 2:0:0:0: [sda] Attached SCSI disk
Begin: Loading essential drivers ... [   17.910882] md: linear personality registered for level -1
[   17.925231] md: multipath personality registered for level -4
[   17.938914] md: raid0 personality registered for level 0
[   18.047180] md: raid1 personality registered for level 1
[   18.166314] raid6: sse2x1   gen()  5255 MB/s
[   18.287088] raid6: sse2x1   xor()  3083 MB/s
[   18.365966] raid6: sse2x2   gen() 12095 MB/s
[   18.441985] raid6: sse2x2   xor()  9308 MB/s
[   18.514124] raid6: sse2x4   gen() 10268 MB/s
[   18.589511] raid6: sse2x4   xor()  3247 MB/s
[   18.665818] raid6: avx2x1   gen() 19433 MB/s
[   18.765584] raid6: avx2x2   gen() 24548 MB/s
[   18.841475] raid6: avx2x4   gen() 25166 MB/s
[   18.857006] raid6: using algorithm avx2x4 gen() 25166 MB/s
[   18.863983] raid6: using avx2x2 recovery algorithm
[   18.879908] xor: automatically using best checksumming function:
[   18.929810]    avx       : 26271.000 MB/sec
[   18.940529] async_tx: api initialized (async)
[   18.959990] md: raid6 personality registered for level 6
[   18.972000] md: raid5 personality registered for level 5
[   18.984398] md: raid4 personality registered for level 4
[   19.005046] md: raid10 personality registered for level 10
done.
Begin: Running /scripts/init-premount ... done.
Begin: Mounting root file system ... Begin: Running /scripts/local-top ... done.
Begin: Running /scripts/local-premount ... [   19.063013] Btrfs loaded
Scanning for Btrfs filesystems
done.
Warning: fsck not present, so skipping root file system
[   19.171941] EXT4-fs (sda1): mounted filesystem with ordered data mode. Opts: (null)
done.
Begin: Running /scripts/local-bottom ... done.
Begin: Running /scripts/init-bottom ... done.
[   19.704532] systemd[1]: systemd 229 running in system mode. (+PAM +AUDIT +SELINUX +IMA +APPARMOR +SMACK +SYSVINIT +UTMP +LIBCRYPTSETUP +GCRYPT +GNUTLS +ACL +XZ -LZ4 +SECCOMP +BLKID +ELFUTILS +KMOD -IDN)
[   19.722607] systemd[1]: Detected virtualization oracle.
[   19.725657] systemd[1]: Detected architecture x86-64.

Welcome to [1mUbuntu 16.04.6 LTS[0m!

[   19.760915] systemd[1]: Set hostname to <ubuntu>.
[   19.787236] systemd[1]: Initializing machine ID from random generator.
[   19.790944] systemd[1]: Installed transient /etc/machine-id file.
[   20.411605] systemd[1]: Created slice User and Session Slice.
[[0;32m  OK  [0m] Created slice User and Session Slice.
[  2530436] systemd[1]: Started Trigger resolvconf update for networkd DNS.
[[0;32m  OK  [0m] Started Trigger resolvconf update for networkd DNS.
[  2729979] systemd[1]: ReahetaetSytem Time Synchronized.

[[0;32m  OK  [0m] Reached target System Time Synchronized.
[  2.000076systemd[1]: Listening on LVM2 poll daemon socket.
[[0;32m  OK  [0m] Listening on LVM2 poll daemon socket.
[  21.113] systd[: isenng o Jrnl Soke (de/lg)
[[0;32m  OK  [0m] Listening on Journal Socket (/dev/log).
[ 2165031] sysemd[1]: Listening on /dev/initctl Compatibility Named Pipe.

[[0;32m  OK  [0m] Listening on /dev/initctl Compatibility Named Pipe.
[   21.922090] systemd[1]: Reached target User and Group Name Lookups.
[[0;32m  OK  [0m] Reached target User and Group Name Lookups.
[   21.930603] systemd[1]: Started Forward Password Requets to Wall Directory Watch.
[[0;32m  OK  [0m] Started Forward Password Requests to Wall Directory Watch.
[   21.964885] systemd[1]: Reached target Encrypted Volumes.
[[0;32m  OK  [0m] Reached target Encrypted Volumes.
[   21.971618] systemd[1]: Set up automount Arbitar Eectale File Formats FileSyteAuomun Poit. [[0;32m  OK  [0m] Set up automount Arbitrary Executab...ats File System Automount Point.
[ 225555] sysem[1: isenngn de CntolSoket.

[[0;32m  OK  [0m] Listening on udev Control Socket.
[  2.974288] systemd[1]: Listening onJournal Audit Socket.
[[0;32m  OK  [0m] Listening on Journal Audit Socket.
[  2.2003]syted[: isening n dev KeneSoke. [[0;32m  OK  [0m] Listening on udev Kernel Socket.
[   24.461340] systemd[1]: Listening on LVM2 metadata daemon socket.
[[0;32m  OK  [0m] Listening on LVM2 metadata daemon socket.
[   24.469015] systemd[1]: Listening on Journal Socket.
[[0;32m  OK  [0m] Listening on Journal Socket.
[   24.474939] systemd[1]: Listening on Syslog Socket.
[[0;32m  OK  [0m] Listening on Syslog Socket.
[  2.5815]syted[]:Cratd lie ysm lie.

[[0;32m  OK  [0m] Created slice System Slice.
[   24.977914] systemd[1]: Starting Journal Service...
[   25.072898] random: nonblocking pool is initialized
         Starting Journal Service...
[   25.080404] systemd[1]: Starting Remount Root and Kernel File Systems...
         Starting Remount Root and Kernel File Systems...
[   25.089403] systemd[1]: Starting Uncomplicated firewall...
         Starting Uncomplicated firewall...
[   25.101866] systemd[1]: Created slice system-serial\x2dgetty.slice.
[[0;32m  OK  [0m] Created slice system-serial\x2dgetty.slice.
[   25.112188] EXT4-fs (sda1): re-mounted. Opts: (null)
[   25.129646] systemd[1]: Starting Load Kernel Modules...
         Starting Load Kernel Modules...
[   25.137752] systemd[1]: Starting Nameserver information manager...
         Starting Nameserver information manager...
[   25.147697] systemd[1]: Starting Create list of required static device nodes for the current kernel...
         Starting Create list of required st... nodes for the current kernel...
[   25.159105] systemd[1]: Mounting Huge Pages File System...
         Mounting Huge Pages File System...
[   25.173818] systemd[1]: Reached target Slices.
[[0;32m  OK  [0[   25.185101] Loading iSCSI transport class v2.0-870.
m] Reached target Slices.
[   25.223847] systemd[1]: Mounting Debug File System...
         Mounting Debug File Sys[   25.270246] iscsi: registered transport (tcp)
tem...
[   25.294227] systemd[1]: Reached target Swap.
[[0;32m  OK  [0m] Reached target Swap.
[   25.317858] systemd[1]: Mounting POSIX Message Queue File System...
         Mounting POSIX Message Queue File System...
[   25.338672] systemd[1]: Listening on Device-mapper event daemon FIFOs.
[[0;32m  OK  [0m] Listening on Device-mapper event daemon FIFOs.
[   25.347767] systemd[1]: Starting Monitoring of LVM2 mirrors, snapshots etc. using dmeventd or progress polling...
[   25.354117] iscsi: registered transport (iser)
         Starting Monitoring of LVM2 mirrors... dmeventd or progress polling...
[   25.364383] systemd[1]: Starting Set console keymap...
         Starting Set console keymap...
[   25.372661] systemd[1]: Mounted Debug File System.
[[0;32m  OK  [0m] Mounted Debug File System.
[   25.380335] systemd[1]: Mounted Huge Pages File System.
[[0;32m  OK  [0m] Mounted Huge Pages File System.
[   25.387225] systemd[1]: Mounted POSIX Message Queue File System.
[[0;32m  OK  [0m] Mounted POSIX Message Queue File System.
[   25.403923] systemd[1]: Started Journal Service.
[[0;32m  OK  [0m] Started Journal Service.
[[0;32m  OK  [0m] Started Remount Root and Kernel File Systems.
[[0;32m  OK  [0m] Started Uncomplicated firewall.
[[0;32m  OK  [0m] Started Load Kernel Modules.
[[0;32m  OK  [0m] Started Create list of required sta...ce nodes for the current kernel.
[[0;32m  OK  [0m] Started Set console keymap.
[[0;32m  OK  [0m] Started Nameserver information manager.
[[0;32m  OK  [0m] Started LVM2 metadata daemon.
         Starting Create Static Device Nodes in /dev...
         Starting Apply Kernel Variables...
         Mounting FUSE Control File System...
         Starting udev Coldplug all Devices...
         Starting Load/Save Random Seed...
         Starting Flush Journal to Persistent Storage...
[[0;32m  OK  [0m] Mounted FUSE Control File System.
[[0;32m  OK  [0m] Started Load/Save Random Seed.
[[0;32m  OK  [0m] Started Apply Kernel Variables.
[[0;32m  OK  [0m] Started Flush Journal to Persistent Storage.
[[0;32m  OK  [0m] Started Create Static Device Nodes in /dev.
[[0;32m  OK  [0m] Started udev Coldplug all Devices.
         Starting udev Kernel Device Manager...
[[0;32m  OK  [0m] Started udev Kernel Device Manager.
[[0;32m  OK  [0m] Started Dispatch Password Requests to Console Directory Watch.
[[0;32m  OK  [0m] Found device /dev/ttyS0.
[[0;32m  OK  [0m] Listening on Load/Save RF Kill Switch Status /dev/rfkill Watch.
[[0;32m  OK  [0m] Started Monitoring of LVM2 mirrors,...ng dmeventd or progress polling.
[[0;32m  OK  [0m] Reached target Local File Systems (Pre).
[[0;32m  OK  [0m] Reached target Local File Systems.
         Starting Initial cloud-init job (pre-networking)...
         Starting Tell Plymouth To Write Out Runtime Data...
         Starting LSB: AppArmor initialization...
         Starting Create Volatile Files and Directories...
         Starting Set console font and keymap...
         Starting Commit a transient machine-id on disk...
[[0;32m  OK  [0m] Started Tell Plymouth To Write Out Runtime Data.
[[0;32m  OK  [0m] Started Create Volatile Files and Directories.
         Starting Update UTMP about System Boot/Shutdown...
[[0;32m  OK  [0m] Started Commit a transient machine-id on disk.
[[0;32m  OK  [0m] Started Update UTMP about System Boot/Shutdown.
[[0;32m  OK  [0m] Started LSB: AppArmor initialization.
[[0;32m  OK  [0m] Started Set console font and keymap.
[[0;32m  OK  [0m] Created slice system-getty.slice.
[   23.565488] cloud-init[610]: Cloud-init v. 19.1-1-gbaa47854-0ubuntu1~16.04.1 running 'init-local' at Mon, 02 Sep 2019 05:01:49 +0000. Up 23.22 seconds.
[[0;32m  OK  [0m] Started Initial cloud-init job (pre-networking).
[[0;32m  OK  [0m] Reached target Network (Pre).
         Starting Raise network interfaces...
[[0;32m  OK  [0m] Started Raise network interfaces.
         Starting Initial cloud-init job (metadata service crawler)...
[[0;32m  OK  [0m] Reached target Network.
[   24.747180] cloud-init[963]: Cloud-init v. 19.1-1-gbaa47854-0ubuntu1~16.04.1 running 'init' at Mon, 02 Sep 2019 05:01:50 +0000. Up 24.09 seconds.
[[0;32m  OK  [0m] Started Initial cloud-init job (metadata service crawler).
[[0;32m  OK  [0m] Reached target Cloud-config availability.
[   24.827096] cloud-init[963]: ci-info: ++++++++++++++++++++++++++++++++++++++Net device info+++++++++++++++++++++++++++++++++++++++
[[0;32m  OK  [0m] Reached target System Initialization.
[[0;32m  OK  [0m] Started Daily Cleanup of Temporary Directories.
[   24.908454] [[0;32m  OK  [0m] Listening on UUID daemon activation socket.
         Starting Socket activation for snappy daemon.
[[0;32m  OK  [0m] Listening on ACPID Listen Socket.
[[0;32m  OK  [0m] Listening on D-Bus System Message Bus Socket.
cloud-init[963]: ci-info: +--------+-------+----------------------------+---------------+--------+-------------------+
[   24.954775] cloud-init[963]: ci-info: | Device |   Up  |          Address           |      Mask     | Scope  |     Hw-Address    |
[[0;32m  OK  [0m] Started ACPI Events Check.
[   24.965021] [[0;32m  OK  [0m] Reached target Paths.
cloud-init         Starting LXD - unix socket.
[[0;32m  OK  [0m] Started Daily apt download activities.
[[0;32m  OK  [0m] Started Daily apt upgrade and clean activities.
[[0;32m  OK  [0m] Reached target Timers.
[[0;32m  OK  [0m] Reached target Network is Online.
[963]: ci-info: +--------+-------+----------------------------+---------------+--------+-------------------+
[   24.987678] cloud-init[963]: ci-info: | enp0s3 |  True |         10.0.2.15          | 255.255.255.0 | global | 02:49:b7:a9:fe:dc |
[   25.000350]          cloud-initStarting iSCSI initiator daemon (iscsid)...[963]: 
ci-info: | enp0s3 |  True | fe80::49:b7ff:fea9:fedc/64 |       .       |  link  | 02:49:b7:a9:fe:dc |
[   25.064570] cloud-init[963]: ci-info: | enp0s8 | False |             .              |       .       |   .    | 08:00:27:5c:db:ea |
[   25.144667] cloud-init[963]: ci-info: |   lo   |  True |         127.0.0.1          |   255.0.0.0   |  host  |         .         |
[[0;32m  OK  [0m] Listening on Socket activation for snappy daemon.
[[0;32m  OK  [0m] Listening on LXD - unix socket.
[   25.190385] cloud-init[963]: ci-info: |   lo   |  True |          ::1/128           |       .       |  host  |         .         |
[   25.307908] cloud-init[963]: ci-info: +--------+-------+----------------------------+---------------+--------+-------------------+
[[   25.320216] cloud-init[963]: ci-info: +++++++++++++++++++++++++++Route IPv4 info++++++++++++++++++++++++++++
[   25.320320] cloud-init[963]: ci-info: +-------+-------------+----------+---------------+-----------+-------+
[   25.321102] cloud-init[963]: ci-info: | Route | Destination | Gateway  |    Genmask    | Interface | Flags |
[   25.321846] cloud-init[963]: ci-info: +-------+-------------+----------+---------------+-----------+-------+
[   25.321875] cloud-init[963]: ci-info: |   0   |   0.0.0.0   | 10.0.2.2 |    0.0.0.0    |   enp0s3  |   UG  |
[   25.321902] cloud-init[963]: ci-info: |   1   |   10.0.2.0  | 0.0.0.0  | 255.255.255.0 |   enp0s3  |   U   |
[   25.321929] cloud-init[963]: ci-info: +-------+-------------+----------+---------------+-----------+-------+
[   25.321955] cloud-init[963]: ci-info: +++++++++++++++++++Route IPv6 info+++++++++++++++++++
[   25.321985] cloud-init[963]: ci-info: +-------+-------------+---------+-----------+-------+
[   25.322012] cloud-init[963]: ci-info: | Route | Destination | Gateway | Interface | Flags |
[   25.322038] cloud-init[963]: ci-info: +-------+-------------+---------+-----------+-------+
[   25.322064] cloud-init[963]: ci-info: |   0   |  fe80::/64  |    ::   |   enp0s3  |   U   |
[   25.322339] cloud-init[963]: ci-info: |   3   |   ff00::/8  |    ::   |   enp0s3  |   U   |
[   25.322373] cloud-init[963]: ci-info: +-------+-------------+---------+-----------+-------+
[   25.322400] cloud-init[963]: Generating public/private rsa key pair.
[   25.322426] cloud-init[963]: Your identification has been saved in /etc/ssh/ssh_host_rsa_key.
[   25.322453] cloud-init[963]: Your public key has been saved in /etc/ssh/ssh_host_rsa_key.pub.
[   25.322501] cloud-init[963]: The key fingerprint is:
[   25.322534] cloud-init[963]: SHA256:QL2JxstW9SwazmBx59W7jrugdcJ+qIjbyIMcpe+xWzY root@ubuntu-xenial
[   25.322561] cloud-init[963]: The key's randomart image is:
[   25.322587] cloud-init[963]: +---[RSA 2048]----+
[   25.322613] cloud-init[963]: |      ..     .   |
[   25.322639] cloud-init[963]: |     .. o o . .  |
[   25.322667] cloud-init[963]: |     ..+ * +   . |
[   25.322695] cloud-init[963]: |    . *.= o o .  |
[   25.322722] cloud-init[963]: |   o + *So .   . |
[   25.322748] cloud-init[963]: |  o   + +.    .  |
[   25.322773] cloud-init[963]: | . +..E   =..o   |
[   25.322800] cloud-init[963]: |  o.oO o +.+o .  |
[   25.322825] cloud-init[963]: |   .O+o o...oo   |
[   25.322852] cloud-init[963]: +----[SHA256]-----+
[   25.322878] cloud-init[963]: Generating public/private dsa key pair.
[   25.322906] cloud-init[963]: Your identification has been saved in /etc/ssh/ssh_host_dsa_key.
[   25.322933] cloud-init[963]: Your public key has been saved in /etc/ssh/ssh_host_dsa_key.pub.
[   25.322959] cloud-init[963]: The key fingerprint is:
[   25.322985] cloud-init[963]: SHA256:goGr6LLxOcnl6Ci2DLmImah1pdvJdD4qkLhBTH+uOhQ root@ubuntu-xenial
[   25.323012] cloud-init[963]: The key's randomart image is:
[   25.323038] cloud-init[963]: +---[DSA 1024]----+
[   25.323063] cloud-init[963]: |                 |
[   25.323090] cloud-init[963]: | . .             |
[   25.323116] cloud-init[963]: |o o .            |
[   25.323142] cloud-init[963]: | E o +           |
[   25.323168] cloud-init[963]: |..o.+ o S        |
[   25.323195] cloud-init[963]: |++o .+ .         |
[   25.323223] cloud-init[963]: |B+.*+ . .        |
[   25.323249] cloud-init[963]: |@@=+o= +.        |
[   25.323275] cloud-init[963]: |/BB...=...       |
[   25.323303] cloud-init[963]: +----[SHA256]-----+
[   25.323328] cloud-init[963]: Generating public/private ecdsa key pair.
[   25.323355] cloud-init[963]: Your identification has been saved in /etc/ssh/ssh_host_ecdsa_key.
[   25.323382] cloud-init[963]: Your public key has been saved in /etc/ssh/ssh_host_ecdsa_key.pub.
[   25.323412] cloud-init[963]: The key fingerprint is:
[   25.323438] cloud-init[963]: SHA256:zVHo76J66N0VXfk5kweSM8jBI532g5f88AZEwjWISHo root@ubuntu-xenial
[   25.323463] cloud-init[963]: The key's randomart image is:
[   25.323490] cloud-init[0;32m  OK  [0m] Reached target Sockets.
[[0;32m  OK  [0m] Reached target Basic System.
[963]: +---[ECDSA 256]---+
[   25.515372] cloud-init[963]: |     ... =o*=    |
[   25.518444] cloud-init[963]: |     .. o.X=.o  .|
[   25.521426] cloud-init[963]: |    . E  ++*=....|
[   25.525259]          Starting Login Service...
         Starting LSB: MD monitoring daemon...
         Starting Accounts Service...
[[0;32m  OK  [0m] Started FUSE filesystem for LXC.
cloud-init[963]: |     .   oo.O= o+|
[   25.544600]          cloud-initStarting System Logging Service...[963]: 
|        S oo.*.=o|
[   25.560768]          Starting Pollinate to seed the pseudo random number generator...
         Starting /etc/rc.local Compatibility...
cloud-init[[0;32m  OK  [0m] Started ACPI event daemon.
         Starting LXD - container startup/shutdown...
[[0;32m  OK  [0m] Started Deferred execution scheduler.
[963]: |            ..+ +|
[   25.600729] [[0;32m  OK  [0m] Started Regular background program processing daemon.
cloud-init[963]: |       .   ...   |
[   25.610066] cloud-init[963]: |      .......    |
[[0;32m  OK  [0m] Started D-Bus System Message Bus.
[   25.615856] cloud-init[963]: |     .ooo...     |
[   25.626369] cloud-init[963]: +----[SHA256]-----+
[   25.629894] cloud-init[963]: Generating public/private ed25519 key pair.
[   25.636410] cloud-init[963]: Your identification has been saved in /etc/ssh/ssh_host_ed25519_key.
[   25.646279] cloud-init[963]: Your public key has been saved in /etc/ssh/ssh_host_ed25519_key.pub.
[   25.652407] cloud-init[963]: The key fingerprint is:
[   25.656551] cloud-init[963]: SHA256:/saeyQ6GJJ7vs1S/SCFfTdI0mcyrwSoDR7E2OSGUGI0 root@ubuntu-xenial
[   25.666322] cloud-init[963]: The key's randomart image is:
[   25.673982] cloud-init[963]: +--[ED25519 256]--+
[   25.678998] cloud-init[963]: |  .*o.o.   ooo   |
[   25.691134] cloud-init[963]: |  E o..+   o=.   |
[   25.699993] cloud-init[963]: |     .*  .. o.   |
[   25.705531] cloud-init[963]: |    ...o  o+.    |
[   25.710083] cloud-init[963]: |    .oo S..o.    |
[   25.714568] cloud-init[963]: |   . +o*.+.      |
[   25.719647] cloud-init[963]: |    o oo*..      |
[   25.724974] cloud-init[963]: |     o.o =o+     |
[   25.729500] cloud-init[963]: |     .+o.+O      |
[   25.734622] cloud-init[963]: +----[SHA256]-----+
         Starting LSB: Record successful boot for GRUB...
         Starting Virtualbox guest utils...
         Starting Snappy daemon...
[[0;32m  OK  [0m] Started System Logging Service.
[[0;32m  OK  [0m] Started iSCSI initiator daemon (iscsid).
[[0;32m  OK  [0m] Started /etc/rc.local Compatibility.
         Starting Login to default iSCSI targets...
[[0;32m  OK  [0m] Started Login Service.
         Starting Authenticate and Authorize Users to Run Privileged Tasks...
[[0;32m  OK  [0m] Started Unattended Upgrades Shutdown.
[[0;32m  OK  [0m] Started LSB: MD monitoring daemon.
[[0;32m  OK  [0m] Started LSB: Record successful boot for GRUB.
[[0;32m  OK  [0m] Started Login to default iSCSI targets.
[[0;32m  OK  [0m] Reached target Remote File Systems (Pre).
[[0;32m  OK  [0m] Reached target Remote File Systems.
         Starting Permit User Sessions...
         Starting LSB: automatic crash report generation...
         Starting LSB: Set the CPU Frequency Scaling governor to "ondemand"...
         Starting LSB: daemon to balance interrupts for SMP systems...
[[0;32m  OK  [0m] Started Virtualbox guest utils.
[[0;32m  OK  [0m] Started Permit User Sessions.
[[0;32m  OK  [0m] Started Authenticate and Authorize Users to Run Privileged Tasks.
[[0;32m  OK  [0m] Started Accounts Service.
         Starting Hold until boot process finishes up...
         Starting Terminate Plymouth Boot Screen...
[[0;32m  OK  [0m] Started LSB: automatic crash report generation.
[[0;32m  OK  [0m] Started LSB: Set the CPU Frequency Scaling governor to "ondemand".
[[0;32m  OK  [0m] Started LSB: daemon to balance interrupts for SMP systems.
[[0;32m  OK  [0m] Started Hold until boot process finishes up.
[[0;32m  OK  [0m] Started Terminate Plymouth Boot Screen.
[[0;32m  OK  [0m] Started Serial Getty on ttyS0.
         Starting Set console scheme...
[[0;32m  OK  [0m] Started Getty on tty1.
[[0;32m  OK  [0m] Reached target Login Prompts.
[[0;32m  OK  [0m] Started Set console scheme.
[[0;32m  OK  [0m] Started LXD - container startup/shutdown.
[[0;32m  OK  [0m] Started Snappy daemon.
         Starting Wait until snapd is fully seeded...
[[0;32m  OK  [0m] Started Pollinate to seed the pseudo random number generator.
         Starting OpenBSD Secure Shell server...
[[0;32m  OK  [0m] Started OpenBSD Secure Shell server.
[[0;32m  OK  [0m] Created slice User Slice of vagrant.
         Starting User Manager for UID 1000...
[[0;32m  OK  [0m] Started Session 1 of user vagrant.
[[0;32m  OK  [0m] Started User Manager for UID 1000.
[[0;32m  OK  [0m] Started Wait until snapd is fully seeded.
         Starting Apply the settings specified in cloud-config...
[[0;32m  OK  [0m] Reached target Multi-User System.
[[0;32m  OK  [0m] Reached target Graphical Interface.
         Starting Update UTMP about System Runlevel Changes...
[[0;32m  OK  [0m] Started Update UTMP about System Runlevel Changes.
[[0;32m  OK  [0m] Started Session 2 of user vagrant.
[   30.296576] cloud-init[1504]: Generating locales (this might take a while)...
         Starting Hostname Service...
[[0;32m  OK  [0m] Started Hostname Service.
[   31.053046] cloud-init[1504]:   en_US.UTF-8... done
[   31.059082] cloud-init[1504]: Generation complete.
[[0;32m  OK  [0m] Stopped ifup for enp0s3.
[[0;32m  OK  [0m] Started ifup for enp0s3.
[[0;32m  OK  [0m] Stopped ifup for enp0s8.
[[0;32m  OK  [0m] Started ifup for enp0s8.
[   31.667739] cloud-init[1504]: Cloud-init v. 19.1-1-gbaa47854-0ubuntu1~16.04.1 running 'modules:config' at Mon, 02 Sep 2019 05:01:56 +0000. Up 30.16 seconds.
ci-info: no authorized ssh keys fingerprints found for user ubuntu.
<14>Sep  2 05:01:58 ec2: 
<14>Sep  2 05:01:58 ec2: #############################################################
<14>Sep  2 05:01:58 ec2: -----BEGIN SSH HOST KEY FINGERPRINTS-----
<14>Sep  2 05:01:58 ec2: 1024 SHA256:goGr6LLxOcnl6Ci2DLmImah1pdvJdD4qkLhBTH+uOhQ root@ubuntu-xenial (DSA)
<14>Sep  2 05:01:58 ec2: 256 SHA256:zVHo76J66N0VXfk5kweSM8jBI532g5f88AZEwjWISHo root@ubuntu-xenial (ECDSA)
<14>Sep  2 05:01:58 ec2: 256 SHA256:/saeyQ6GJJ7vs1S/SCFfTdI0mcyrwSoDR7E2OSGUGI0 root@ubuntu-xenial (ED25519)
<14>Sep  2 05:01:58 ec2: 2048 SHA256:QL2JxstW9SwazmBx59W7jrugdcJ+qIjbyIMcpe+xWzY root@ubuntu-xenial (RSA)
<14>Sep  2 05:01:58 ec2: -----END SSH HOST KEY FINGERPRINTS-----
<14>Sep  2 05:01:58 ec2: #############################################################
-----BEGIN SSH HOST KEY KEYS-----
ecdsa-sha2-nistp256 AAAAE2VjZHNhLXNoYTItbmlzdHAyNTYAAAAIbmlzdHAyNTYAAABBBB+JdyCVHDSmb/tIG5mxnPvwvPmRE2VFj1WFraZ4DN1MesHwd+ckUbqWLnLIdtoD/3MV4MS3pYpXGGlYyhnFOtc= root@ubuntu-xenial
ssh-ed25519 AAAAC3NzaC1lZDI1NTE5AAAAIIUhXFAxxIn9WSoAqAvf/+XkP7zhuKDPHP31De6fo0eR root@ubuntu-xenial
ssh-rsa AAAAB3NzaC1yc2EAAAADAQABAAABAQDNeJJNZV2ySkhXZJJMhfb+w6BxDW/IqpgKIL/pj3xCJeoLIDVGAASVBrNTaOsDIubZj5/xadySnP3wFozq6nfSE0fIIRPE+SkB1Bwjwi2Y02a3AJEXR7AI+Q/k9D7l+qE+wRM56Ha6RUnp/v+ONZ0JTKymBzZ8z9Xdo/YQqFWkJNeCeW3tNN0H7vx2XnSzXphjj9FLSVH/DZfmNEiLKpDPm0MiDyOOWJqBaVcqW0gwT+GyLHPwtJhUzqm1dlHi7UUcaihgjTYnzK2So/X+Fg/7Vyp/xSXyTDSS0+137S3/SCuZU/tTT73m8ds2MzgMs16ue8Bku7u8RnWmhu+mveSd root@ubuntu-xenial
-----END SSH HOST KEY KEYS-----
[   32.249127] cloud-init[1807]: Cloud-init v. 19.1-1-gbaa47854-0ubuntu1~16.04.1 running 'modules:final' at Mon, 02 Sep 2019 05:01:58 +0000. Up 32.06 seconds.
[   32.249270] cloud-init[1807]: ci-info: no authorized ssh keys fingerprints found for user ubuntu.
[   32.249356] cloud-init[1807]: Cloud-init v. 19.1-1-gbaa47854-0ubuntu1~16.04.1 finished at Mon, 02 Sep 2019 05:01:58 +0000. Datasource DataSourceNoCloud [seed=/dev/sdb][dsmode=net].  Up 32.24 seconds

Ubuntu 16.04.6 LTS webserver2 ttyS0

webserver2 login: 