[    0.0000] Iniiaizngcgroup subsys cust
[    0.000000] Initializing cgroup subsys cpu
[    0.000000] Initializing cgroup subsys cpuacct
[    0.000000] Linux version 4.4.0-154-generic (buildd@lgw01-amd64-049) (gcc version 5.4.0 20160609 (Ubuntu 5.4.0-6ubuntu1~16.04.10) ) #181-Ubuntu SMP Tue Jun 25 05:29:03 UTC 2019 (Ubuntu 4.4.0-154.181-generic4.4.179)
[    0.0000] Command line: BOOT_IMAGE=/boot/vmlinuz-4.4.0-154-generic root=LABEL=cloudimg-rootfs ro console=tty1 conssole=ttyS0
[    0.000000] KERNEL supported cpus:
[    0.000000]   Intel GenuineIntel
[    0.000000]   AMD AuthenticAMD
[   .00000]   Centaur CentaurHauls
[    0.000000] x86/fpu: xstate_offset[2]:  576, xstate_sizes[2]:  256
[    0.000000] x86/fpu: Supporting XSAVE feature 0x01: 'x87 floating point registers'
[    0.000000] x86/fpu: Supporting XSAVE feature 0x02: 'SSE registers'
[    0.000000] x86/fpu: Supporting XSAVE feature 0x04: 'AVX registers'
[    0.000000] x86/fpu: Enabled xstate features 0x7, context size is 832 bytes, using 'standard' format.
[    0.000000] e820: BIOS-provided physical RAM map:
[    0.000000] BIOS-e820: [mem 0x0000000000000000-0x000000000009fbff] usable
[    0.000000] BIOS-e820: [mem 0x000000000009fc00-0x000000000009ffff] reserved
[    0.000000] BIOS-e820: [mem 0x00000000000f0000-0x00000000000fffff] reserved
[    0.000000] BIOS-e820: [mem 0x000000000010000-0x000003fefff]usbl
   0.000000] BIOS-e8820: [mem 0x000000003fff0000-0x000000003fffffff] ACPI data
[    0.000000] BIOS-e820: [mem 0x00000000fec00000-0x00000000fec00fff] reserved
[    0.000000] BIOS-e820: [mem 0x00000000fee00000-0x00000000fee00fff] reserved
[    0.000000] BIOS-e820: [mem 0x00000000fffc0000-0x00000000ffffffff] reserved
[    0.000000] NX (Execute Disable) protection: active
[    0.000000] SMBIOS 2.5 present.
[    0.000000] Hypervisor detected: KVM
[    0.000000] e820: last_pfn = 0x3fff0 max_arch_pfn = 0x400000000
[    0.000000] MTRR: Disabled
[    0.000000] x86/PAT: MTRRs disabled, skipping PAT initialization too.
[    0.000000] CPU MTRRs all blank - virtualized system.
[    0.000000] x86/PAT: Configuration [0-7]: WB  WT  UC- UC  WB  WT  UC- UC  
[    0.000000] found SMP MP-table at [mem 0x0009fff0-0x0009ffff] mapped at [ffff88000009fff0]
[    0.000000] Scanning 1 areas for low memory corruption
[    0.000000] RAMDISK: [mem 0x362f8000-0x37173fff]
[    0.000000] ACPI: Early table checksum verification disabled
[    0.000000] ACPI: RSDP 0x00000000000E0000 000024 (v02 VBOX  )
[    0.000000] ACPI: XSDT 0x000000003FFF0030 00003C (v01 VBOX   VBOXXSDT 00000001 ASL  00000061)
[    0.000000] ACPI: FACP 0x000000003FFF00F0 0000F4 (v04 VBOX   VBOXFACP 00000001 ASL  00000061)
[    0.000000] ACPI: DSDT 0x000000003FFF0470 0021FF (v02 VBOX   VBOXBIOS 00000002 INTL 20100528)
[    0.000000] ACPI: FACS 0x000000003FFF0200 000040
[    0.000000] ACPI: FACS 0x000000003FFF0200 000040
[    0.000000] ACPI: APIC 0x000000003FFF0240 00005C (v02 VBOX   VBOXAPIC 00000001 ASL  00000061)
[    0.000000] ACPI: SSDT 0x000000003FFF02A0 0001CC (v01 VBOX   VBOXCPUT 00000002 INTL 20100528)
[    0.000000] No NUMA configuration found
[    0.000000] Faking a node at [mem 0x0000000000000000-0x000000003ffeffff]
[    0.000000] NODE_DATA(0) allocated [mem 0x3ffeb000-0x3ffeffff]
[    0.000000] kvm-clock: Using msrs 4b564d01 and 4b564d00
[    0.000000] kvm-clock: cpu 0, msr 0:3ffe3001, primary cpu clock
[    0.000000] kvm-clock: using sched offset of 5513762085 cycles
[    0.000000] clocksource: kvm-clock: mask: 0xffffffffffffffff max_cycles: 0x1cd42e4dffb, max_idle_ns: 881590591483 ns
[    0.000000] Zone ranges:
[    0.000000]   DMA      [mem 0x0000000000001000-0x0000000000ffffff]
[    0.000000]   DMA32    [mem 0x0000000001000000-0x000000003ffeffff]
[    0.000000]   Normal   empty
[    0.000000]   Device   empty
[    0.000000] Movable zone start for each node
[    0.000000] Early memory node ranges
[    0.000000]   node   0: [mem 0x0000000000001000-0x000000000009efff]
[    0.000000]   node   0: [mem 0x0000000000100000-0x000000003ffeffff]
[    0.000000] Initmem setup node 0 [mem 0x0000000000001000-0x000000003ffeffff]
[    0.000000] ACPI: PM-Timer IO Port: 0x4008
[    0.000000] IOAPIC[0]: apic_id 2, version 32, address 0xfec00000, GSI 0-23
[    0.000000] ACPI: INT_SRC_OVR (bus 0 bus_irq 0 global_irq 2 dfl dfl)
[    0.000000] ACPI: INT_SRC_OVR (bus 0 bus_irq 9 global_irq 9 low level)
[    0.000000] Using ACPI (MADT) for SMP configuration information
[    0.000000] smpoo: Alloin 2CPs, 0 hotplg PU
[     0.0000 P: Regitered ose emmor: me 00000000-0x00000fff]
[   .0000] PM: Registered nosave memory: [mem 0x0009f000-0x0009ffff]
[    000000]PM: Reiserd osave memor: me 000a0000-x00eff]
[    0.0000 P: egisre nosave memory: [mm 0x000f0000-0x000fffff]
[    0.000000] e820: [mem 0x40000000-0xfebfffff] available for PCI devices
[    0.000000] Booting paravirtualized kernel on KVM
[    0.00000] clocksource: refined-jiffies: mask: 0xffffffff max_cycles: 0xffffffff, max_idle_ns: 7645519600211568 ns
[    0.000000] setup_percpu: R_CPUS:512 r_cpumask_bits:512 nr_cpu_ids:2 nr_node_ids:1
[    0.000000] PERCPU: Embedded 34 pages/cpu @ffff88003fc00000 s99480 r8192 d31592 u1048576
[    0.000000] Built 1 zonelists in Node order, mobility grouping on.  Total pages: 257912
[    0.000000] Policy zone: DMA32
[    0.000000] Kernel command line: BOOT_IMAGE=/boot/vmlinuz-4.4.0-154-generic root=LABEL=cloudimg-rootfs ro console=tty1 console=ttyS0
[    0.000000] PID hash table entries: 4096 (order: 3, 32768 bytes)
[    0.000000] Memory: 997728K/1048120K available (8613K kernel code, 1335K rwdata, 4028K rodata, 1484K init, 1284K bss, 50392K reserved, 0K cma-reserved)
[    0.000000] SLUB: HWalign=64, Order=0-3, MinObjects=0, CPUs=2, Nodes=1
[    0.000000] Kernel/User page tables isolation: enabled
[    0.000000] Hierarchical RCU implementation.
[    0.000000] 	Build-time adjustment of leaf fanout to 64.
[    0.000000] 	RCU restricting CPUs from NR_CPUS=512 to nr_cpu_ids=2.
[    0.000000] RCU: Adjusting geometry for rcu_fanout_leaf=64,  nr_cpu_ids=2
[    0.000000] NR_IRQS:33024 nr_irqs:440 16
[    0.000000] Console: colour VGA+ 80x25
[    0.000000] console [tty1] enabled
[    0.000000] console [ttyS0] enabled
[    0.000000] tsc: Detected 3407.998 MHz processor
[    1.421265] Calibrating delay loop (skipped) preset value.. 685.9 BogoMIPS lpj=13631992)
[    1.471289] pid_max: default: 32768 minimum: 301
[    1.478152] ACPI: Core revision 20150930
[    1.481015] ACPI: 2 ACPI AML tables successfully acquired and loaded
[    1.484497] Security Framework initialized
[    1.486720] Yama: becoming mindful.
[    1.488722] AppArmor: AppArmor initialized
[    1.583780] Dentry cache hash table entries: 131072 (order: 8, 1048576 bytes)
[    1.710680] Inode-cache hash table entries: 65536 (order: 7, 524288 bytes)
[    1.832502] Mount-cache hash table entries: 2048 (order: 2, 16384 bytes)
[    1.859064] Mountpoint-cache hash table entries: 2048 (order: 2, 16384 bytes)
[    1.863012] Initializing cgroup subsys io
[    1.865541] Initializing cgroup subsys memory
[    1.867963] Initializing cgroup subsys devices
[    1.870341] Initializing cgroup subsys freezer
[    1.872793] Initializing cgroup subsys net_cls
[    1.962284] Initializing cgroup subsys perf_event
[    2.044219] Initializing cgroup subsys net_prio
[    2.096943] Initializing cgroup subsys hugetlb
[    2.183357] Initializing cgroup subsys pids
[    2.271127] mce: CPU supports 0 MCE banks
[    2.336187] Last level iTLB entries: 4KB 128, 2MB 8, 4MB 8
[    2.416001] Last level dTLB entries: 4KB 64, 2MB 0, 4MB 0, 1GB 4
[    2.419774] Spectre V2 : Mitigation: Full generic retpoline
[    2.423204] Spectre V2 : Spectre v2 / SpectreRSB mitigation: Filling RSB on context switch
[    2.428458] Speculative Store Bypass: Vulnerable
[    2.431530] MDS: Vulnerable: Clear CPU buffers attempted, no microcode
[    2.437869] Freeing SMP alternatives memory: 36K
[    2.445744] ftrace: allocating 32299 entries in 127 pages
[    2.497832] smpboot: APIC(0) Converting physical 0 to logical package 0
[    2.504983] smpboot: Max logical packages: 1
[    2.507892] x2apic enabled
[    2.509610] Switched APIC routing to physical x2apic.
[    2.513248] ..TIMER: vector=0x30 apic1=0 pin1=2 apic2=-1 pin2=-1
[    2.623713] smpboot: CPU0: Intel(R) Core(TM) i5-7500 CPU @ 3.40GHz (family: 0x6, model: 0x9e, stepping: 0x9)
[    2.688954] Performance Events: unsupported p6 CPU model 158 no PMU driver, software events only.
[    2.701691] KVM setup paravirtual spinlock
[    2.713894] x86: Booting SMP configuration:
[    2.716808] .... node  #0, CPUs:      #1
[    2.719148] kvm-clock: cpu 1, msr 0:3ffe3041, secondary cpu clock
[    2.723315] mce: CPU supports 0 MCE banks
[    2.727604] x86: Booted up 1 node, 2 CPUs
[    2.787324] smpboot: Total of 2 processors activated (13631.99 BogoMIPS)
[    2.936138] devtmpfs: initialized
[    3.007622] evm: security.selinux
[    3.090718] evm: security.SMACK64
[    3.095980] evm: security.SMACK64EXEC
[    3.191998] evm: security.SMACK64TRANSMUTE
[    3.259025] evm: security.SMACK64MMAP
[    3.348050] evm: security.ima
[    3.369163] evm: security.capability
[    3.382443] clocksource: jiffies: mask: 0xffffffff max_cycles: 0xffffffff, max_idle_ns: 7645041785100000 ns
[    3.510734] futex hash table entries: 512 (order: 3, 32768 bytes)
[    3.514348] pinctrl core: initialized pinctrl subsystem
[    3.535897] RTC time:  7:50:22, date: 09/02/19
[    3.538934] NET: Registered protocol family 16
[    3.550173] cpuidle: using governor ladder
[    3.561924] cpuidle: using governor menu
[    3.564463] PCCT header not found.
[    3.566748] ACPI: bus type PCI registered
[    3.569216] acpiphp: ACPI Hot Plug PCI Controller Driver version: 0.5
[    3.576696] PCI: Using configuration type 1 for base access
[    3.595046] ACPI: Added _OSI(Module Device)
[    3.601827] ACPI: Added _OSI(Processor Device)
[    3.604386] ACPI: Added _OSI(3.0 _SCP Extensions)
[    3.607037] ACPI: Added _OSI(Processor Aggregator Device)
[    3.610800] ACPI: Executed 1 blocks of module-level executable AML code
[    3.692611] ACPI: Interpreter enabled
[    3.750109] ACPI: (supports S0 S5)
[    3.818168] ACPI: Using IOAPIC for interrupt routing
[    3.894422] PCI: Using host bridge windows from ACPI; if necessary, use "pci=nocrs" and report a bug
[    4.043265] ACPI: PCI Root Bridge [PCI0] (domain 0000 [bus 00-ff])
[    4.194773] acpi PNP0A03:00: _OSC: OS supports [ASPM ClockPM Segments MSI]
[    4.321870] acpi PNP0A03:00: _OSC: not requesting OS control; OS requires [ExtendedConfig ASPM ClockPM MSI]
[    4.518167] acpi PNP0A03:00: fail to add MMCONFIG information, can't access extended PCI configuration space under this bridge.
[    4.634006] PCI host bridge to bus 0000:00
[    4.653084] pci_bus 0000:00: root bus resource [io  0x0000-0x0cf7 window]
[    4.657245] pci_bus 0000:00: root bus resource [io  0x0d00-0xffff window]
[    4.661409] pci_bus 0000:00: root bus resource [mem 0x000a0000-0x000bffff window]
[    4.666338] pci_bus 0000:00: root bus resource [mem 0x40000000-0xfdffffff window]
[    4.674203] pci_bus 0000:00: root bus resource [bus 00-ff]
[    4.680810] pci 0000:00:01.1: legacy IDE quirk: reg 0x10: [io  0x01f0-0x01f7]
[    4.687673] pci 0000:00:01.1: legacy IDE quirk: reg 0x14: [io  0x03f6]
[    4.691679] pci 0000:00:01.1: legacy IDE quirk: reg 0x18: [io  0x0170-0x0177]
[    4.696072] pci 0000:00:01.1: legacy IDE quirk: reg 0x1c: [io  0x0376]
[    4.717019] pci 0000:00:07.0: quirk: [io  0x4000-0x403f] claimed by PIIX4 ACPI
[    4.828263] pci 0000:00:07.0: quirk: [io  0x4100-0x410f] claimed by PIIX4 SMB
[    4.986350] ACPI: PCI Interrupt Link [LNKA] (IRQs 5 9 10 *11)
[    5.051234] ACPI: PCI Interrupt Link [LNKB] (IRQs 5 9 *10 11)
[    5.157993] ACPI: PCI Interrupt Link [LNKC] (IRQs 5 *9 10 11)
[    5.243601] ACPI: PCI Interrupt Link [LNKD] (IRQs 5 9 10 *11)
[    5.275049] ACPI: Enabled 2 GPEs in block 00 to 07
[    5.278068] vgaarb: setting as boot device: PCI:0000:00:02.0
[    5.281042] vgaarb: device added: PCI:0000:00:02.0,decodes=io+mem,owns=io+mem,locks=none
[    5.285390] vgaarb: loaded
[    5.286937] vgaarb: bridge control possible 0000:00:02.0
[    5.290047] SCSI subsystem initialized
[    5.292278] ACPI: bus type USB registered
[    5.294449] usbcore: registered new interface driver usbfs
[    5.297388] usbcore: registered new interface driver hub
[    5.300322] usbcore: registered new device driver usb
[    5.303651] PCI: Using ACPI for IRQ routing
[    5.306350] NetLabel: Initializing
[    5.308285] NetLabel:  domain hash size = 128
[    5.310625] NetLabel:  protocols = UNLABELED CIPSOv4
[    5.314491] NetLabel:  unlabeled traffic allowed by default
[    5.317713] amd_nb: Cannot enumerate AMD northbridges
[    5.320504] clocksource: Switched to clocksource kvm-clock
[   5.312]ApArmor: AppArmor Filesystem Enabed
[   .5261]pn: nPACI ni
[  5.757578] pnp: PnP ACPI: found 3 devices

[    5.819081] clocksource: acpi_pm: mask: 0xffffff max_cyces 0ffff, axide_s:2057104 s[   .1076]NE: egstre potco fmiy 2
[   .4382]TC etalihe hshtalentie: 92 (order: 4, 65536 bytes)
[    6.897568] TCP bind hash table entries: 8192 (order: 5, 131072 bytes)
[    6.901892] TCP: Hash tables configured (established 8192 bind 8192)
[    6.905783] UDP hash table entries: 512 (order: 2, 16384 bytes)
[    6.909406] UDP-Lite hash table entries: 512 (order: 2, 16384 bytes)
[    6.913320] NET: Registered protocol family 1
[    6.916056] pci 0000:00:00.0: Limiting direct PCI/PCI transfers
[    6.919702] pci 0000:00:01.0: Activating ISA DMA hang workarounds
[    6.923690] Unpacking initramfs...

[    7.113098] Freeing initrd memory: 14832K
[    7.165459] clocksource: tsc: mask: 0xffffffffffffffff max_cycles: 0x311fd208cfc, max_idle_ns: 440795283699 ns
[    7.361181] platform rtc_cmos: registered platform RTC device (no PNP device found)
[    7.480917] Scanning for low memory corruption every 60 seconds
[    7.611425] audit: initializing netlink subsys (disabled)
[    7.753421] audit: type=2000 audit(1567410628.695:1): initialized
[    7.885862] Initialise system trusted keyring
[    7.929201] HugeTLB registered 2 MB page size, pre-allocated 0 pages
[    7.977534] zbud: loaded
[    8.003030] VFS: Disk quotas dquot_6.6.0
[    8.005575] VFS: Dquot-cache hash table entries: 512 (order 0, 4096 bytes)
[    8.010056] squashfs: version 4.0 (2009/01/31) Phillip Lougher
[    8.014138] fuse init (API version 7.23)
[    8.017085] Key type big_key registered
[    8.019650] Allocating IMA MOK and blacklist keyrings.
[    8.024659] Key type asymmetric registered
[    8.027217] Asymmetric key parser 'x509' registered
[    8.030366] Block layer SCSI generic (bsg) driver version 0.4 loaded (major 249)
[    8.045272] io scheduler noop registered
[    8.047520] io scheduler deadline registered (default)
[    8.050367] io scheduler cfq registered
[    8.052519] pci_hotplug: PCI Hot Plug PCI Core version: 0.5
[    8.055508] pciehp: PCI Express Hot Plug Controller Driver version: 0.4
[    8.067544] ACPI: AC Adapter [AC] (on-line)
[    8.070062] input: Power Button as /devices/LNXSYSTM:00/LNXPWRBN:00/input/input0
[    8.074278] ACPI: Power Button [PWRF]
[    8.076448] input: Sleep Button as /devices/LNXSYSTM:00/LNXSLPBN:00/input/input1
[    8.147928] ACPI: Sleep Button [SLPF]
[    8.213759] GHES: HEST is not enabled!
[    8.219932] Serial: 8250/16550 driver, 32 ports, IRQ sharing enabled
@ÿ[    8.368800] 00:02: ttyS0 at I/O 0x3f8 (irq = 4, base_baud = 115200) is a 16550A
[    8.384843] Linux agpgart interface v0.103
[    8.389258] loop: module loaded
[    8.391601] scsi host0: ata_piix
[    8.394080] scsi host1: ata_piix
[    8.395958] ata1: PATA max UDMA/33 cmd 0x1f0 ctl 0x3f6 bmdma 0xd000 irq 14
[    8.399629] ata2: PATA max UDMA/33 cmd 0x170 ctl 0x376 bmdma 0xd008 irq 15
[    8.403755] libphy: Fixed MDIO Bus: probed
[    8.453037] tun: Universal TUN/TAP device driver, 1.6
[    8.503356] tun: (C) 1999-2004 Max Krasnyansky <maxk@qualcomm.com>
[    8.524653] PPP generic driver version 2.4.2
[    8.623493] ehci_hcd: USB 2.0 'Enhanced' Host Controller (EHCI) Driver
[    8.700064] ehci-pci: EHCI PCI platform driver
[    8.702524] ehci-platform: EHCI generic platform driver
[    8.705317] ohci_hcd: USB 1.1 'Open' Host Controller (OHCI) Driver
[    8.708646] ohci-pci: OHCI PCI platform driver
[    8.711093] ohci-platform: OHCI generic platform driver
[    8.714001] uhci_hcd: USB Universal Host Controller Interface driver
[    8.717942] i8042: PNP: PS/2 Controller [PNP0303:PS2K,PNP0f03:PS2M] at 0x60,0x64 irq 1,12
[    8.722740] serio: i8042 KBD port at 0x60,0x64 irq 1
[    8.725422] serio: i8042 AUX port at 0x60,0x64 irq 12
[    8.728313] mousedev: PS/2 mouse device common for all mice
[    8.731750] rtc_cmos rtc_cmos: rtc core: registered rtc_cmos as rtc0
[    8.735309] input: AT Translated Set 2 keyboard as /devices/platform/i8042/serio0/input/input2
[    8.740153] rtc_cmos rtc_cmos: alarms up to one day, 114 bytes nvram
[    8.743597] i2c /dev entries driver
[    8.745965] device-mapper: uevent: version 1.0.3
[    8.748515] device-mapper: ioctl: 4.34.0-ioctl (2015-10-28) initialised: dm-devel@redhat.com
[    8.753326] ledtrig-cpu: registered to indicate activity on CPUs
[    8.757213] NET: Registered protocol family 10
[    8.760007] NET: Registered protocol family 17
[    8.762450] Key type dns_resolver registered
[    8.765210] registered taskstats version 1
[    8.767477] Loading compiled-in X.509 certificates
[    8.770557] Loaded X.509 cert 'Build time autogenerated kernel key: 65139e04a67245b562a838c28b5e7032abdd4348'
[    8.775931] zswap: loaded using pool lzo/zbud
[    8.780170] Key type trusted registered
[    8.784557] Key type encrypted registered
[    8.787053] AppArmor: AppArmor sha1 policy hashing enabled
[    8.872309] ima: No TPM chip found, activating TPM-bypass!
[    8.950618] ima: Allocated hash algorithm: sha1
[    8.955753] evm: HMAC attrs: 0x1
[    8.958309]   Magic number: 3:695:823
[    8.962225] rtc_cmos rtc_cmos: setting system clock to 2019-09-02 07:50:27 UTC (1567410627)
[    9.032156] BIOS EDD facility v0.16 2004-Jun-25, 0 devices found
[    9.035358] EDD information not available.
[    9.039119] Freeing unused kernel memory: 1484K
[    9.100542] Write protecting the kernel read-only data: 14336k
[    9.108932] Freeing unused kernel memory: 1616K
[    9.118304] Freeing unused kernel memory: 68K
Loading, please wait...
starting version 229
[    9.135444] random: systemd-udevd: uninitialized urandom read (16 bytes read, 5 bits of entropy available)
[    9.136070] random: udevadm: uninitialized urandom read (16 bytes read, 5 bits of entropy available)
[    9.136086] random: udevadm: uninitialized urandom read (16 bytes read, 5 bits of entropy available)
[    9.144370] random: udevadm: uninitialized urandom read (16 bytes read, 5 bits of entropy available)
[    9.144406] random: udevadm: uninitialized urandom read (16 bytes read, 5 bits of entropy available)
[    9.144576] random: udevadm: uninitialized urandom read (16 bytes read, 5 bits of entropy available)
[    9.144666] random: udevadm: uninitialized urandom read (16 bytes read, 5 bits of entropy available)
[    9.144724] random: udevadm: uninitialized urandom read (16 bytes read, 5 bits of entropy available)
[    9.144871] random: udevadm: uninitialized urandom read (16 bytes read, 5 bits of entropy available)
[    9.144971] random: udevadm: uninitialized urandom read (16 bytes read, 5 bits of entropy available)
[    9.275088] Fusion MPT base driver 3.04.20
[    9.278707] Copyright (c) 1999-2008 LSI Corporation
[    9.328522] e1000: Intel(R) PRO/1000 Network Driver - version 7.3.21-k8-NAPI
[    9.348755] e1000: Copyright (c) 1999-2006 Intel Corporation.
[    9.380008] AVX2 version of gcm_enc/dec engaged.
[    9.403336] AES CTR mode by8 optimization enabled
[    9.418470] Fusion MPT SPI Host driver 3.04.20
[    9.561740] input: ImExPS/2 Generic Explorer Mouse as /devices/platform/i8042/serio1/input/input4
[    9.881244] e1000 0000:00:03.0 eth0: (PCI:33MHz:32-bit) 02:cf:25:3b:33:74
[    9.914488] e1000 0000:00:03.0 eth0: Intel(R) PRO/1000 Network Connection
[    9.918879] mptbase: ioc0: Initiating bringup
[   10.005118] ioc0: LSI53C1030 A0: Capabilities={Initiator}
[   10.208102] scsi host2: ioc0: LSI53C1030 A0, FwRev=00000000h, Ports=1, MaxQ=256, IRQ=20
[   10.341348] scsi 2:0:0:0: Direct-Access     VBOX     HARDDISK         1.0  PQ: 0 ANSI: 5
[   10.360618] scsi target2:0:0: Beginning Domain Validation
[   10.364374] scsi target2:0:0: Domain Validation skipping write tests
[   10.367828] scsi target2:0:0: Ending Domain Validation
[   10.371152] scsi target2:0:0: asynchronous
[   10.472612] scsi 2:0:1:0: Direct-Access     VBOX     HARDDISK         1.0  PQ: 0 ANSI: 5
[   10.690429] scsi target2:0:1: Beginning Domain Validation
[   10.808233] scsi target2:0:1: Domain Validation skipping write tests
[   10.932823] scsi target2:0:1: Ending Domain Validation
[   10.941054] scsi target2:0:1: asynchronous
[   10.950615] e1000 0000:00:08.0 eth1: (PCI:33MHz:32-bit) 08:00:27:14:d5:a9
[   11.024436] e1000 0000:00:08.0 eth1: Intel(R) PRO/1000 Network Connection
[   11.035035] e1000 0000:00:08.0 enp0s8: renamed from eth1
[   11.039142] sd 2:0:0:0: Attached scsi generic sg0 type 0
[   11.103066] sd 2:0:1:0: Attached scsi generic sg1 type 0
[   11.238011] sd 2:0:0:0: [sda] 20971520 512-byte logical blocks: (10.7 GB/10.0 GiB)
[   11.256150] e1000 0000:00:03.0 enp0s3: renamed from eth0
[   11.256838] sd 2:0:1:0: [sdb] 20480 512-byte logical blocks: (10.5 MB/10.0 MiB)
[   11.256960] sd 2:0:0:0: [sda] Write Protect is off
[   11.257095] sd 2:0:1:0: [sdb] Write Protect is off
[   11.257137] sd 2:0:0:0: [sda] Incomplete mode parameter data
[   11.257138] sd 2:0:0:0: [sda] Assuming drive cache: write through
[   11.257215] sd 2:0:1:0: [sdb] Incomplete mode parameter data
[   11.257217] sd 2:0:1:0: [sdb] Assuming drive cache: write through
[   11.263699]  sda: sda1
[   11.264725] sd 2:0:0:0: [sda] Attached SCSI disk
[   11.266705] sd 2:0:1:0: [sdb] Attached SCSI disk
Begin: Loading essential drivers ... [   12.650174] md: linear personality registered for level -1
[   12.655629] md: multipath personality registered for level -4
[   12.666939] md: raid0 personality registered for level 0
[   12.674284] md: raid1 personality registered for level 1
[   12.748552] raid6: sse2x1   gen() 10514 MB/s
[   12.816995] raid6: sse2x1   xor()  8290 MB/s
[   12.892597] raid6: sse2x2   gen() 13272 MB/s
[   12.960530] raid6: sse2x2   xor()  9092 MB/s
[   13.028608] raid6: sse2x4   gen() 16895 MB/s
[   13.096495] raid6: sse2x4   xor() 11497 MB/s
[   13.164753] raid6: avx2x1   gen() 26040 MB/s
[   13.296697] raid6: avx2x2   gen() 28646 MB/s
[   13.432623] raid6: avx2x4   gen() 32784 MB/s
[   13.481014] raid6: using algorithm avx2x4 gen() 32784 MB/s
[   13.573442] raid6: using avx2x2 recovery algorithm
[   13.607163] xor: automatically using best checksumming function:
[   13.652788]    avx       : 26041.000 MB/sec
[   13.672369] async_tx: api initialized (async)
[   13.684465] md: raid6 personality registered for level 6
[   13.737324] md: raid5 personality registered for level 5
[   13.743901] md: raid4 personality registered for level 4
[   13.752934] md: raid10 personality registered for level 10
done.
Begin: Running /scripts/init-premount ... done.
Begin: Mounting root file system ... Begin: Running /scripts/local-top ... done.
Begin: Running /scripts/local-premount ... [   13.909732] Btrfs loaded
Scanning for Btrfs filesystems
done.
Warning: fsck not present, so skipping root file system
[   13.998047] EXT4-fs (sda1): mounted filesystem with ordered data mode. Opts: (null)
done.
Begin: Running /scripts/local-bottom ... done.
Begin: Running /scripts/init-bottom ... done.
[   14.433322] systemd[1]: systemd 229 running in system mode. (+PAM +AUDIT +SELINUX +IMA +APPARMOR +SMACK +SYSVINIT +UTMP +LIBCRYPTSETUP +GCRYPT +GNUTLS +ACL +XZ -LZ4 +SECCOMP +BLKID +ELFUTILS +KMOD -IDN)
[   14.443439] systemd[1]: Detected virtualization oracle.
[   14.446337] systemd[1]: Detected architecture x86-64.

Welcome to [1mUbuntu 16.04.6 LTS[0m!

[   14.474805] systemd[1]: Set hostname to <ubuntu>.
[   14.512789] systemd[1]: Initializing machine ID from random generator.
[   14.516347] systemd[1]: Installed transient /etc/machine-id file.
[   15.008855] systemd[1]: Reached target Swap.
[[0;32m  OK  [0m] Reached target Swap.
[   15.014013] systemd[1]: Created slice System Slice.
[[0;32m  OK  [0m] Created slice System Slice.
[   15.019482] systemd[1]: Started Trigger resolvconf update for networkd DNS.
[[0;32m  OK  [0m] Started Trigger resolvconf update for networkd DNS.
[   15.026954] systemd[1]: Listening on udev Control Socket.
[[0;32m  OK  [0m] Listening on udev Control Socket.
[   15.032910] systemd[1]: Reached target User and Group Name Lookups.
[[0;32m  OK  [0m] Reached target User and Group Name Lookups.
[   15.039749] systemd[1]: Listening on LVM2 metadata daemon socket.
[[0;32m  OK  [0m] Listening on LVM2 metadata daemon socket.
[   15.046362] systemd[1]: Listening on /dev/initctl Compatibility Named Pipe.
[[0;32m  OK  [0m] Listening on /dev/initctl Compatibility Named Pipe.
[   15.053931] systemd[1]: Set up automount Arbitrary Executable File Formats File System Automount Point.
[[0;32m  OK  [0m] Set up automount Arbitrary Executab...ats File System Automount Point.
[   15.063840] systemd[1]: Created slice system-serial\x2dgetty.slice.
[[0;32m  OK  [0m] Created slice system-serial\x2dgetty.slice.
[   15.070672] systemd[1]: Listening on Journal Socket (/dev/log).
[[0;32m  OK  [0m] Listening on Journal Socket (/dev/log).
[   15.077214] systemd[1]: Reached target System Time Synchronized.
[[0;32m  OK  [0m] Reached target System Time Synchronized.
[   15.083808] systemd[1]: Started Forward Password Requests to Wall Directory Watch.
[[0;32m  OK  [0m] Started Forward Password Requests to Wall Directory Watch.
[   15.092132] systemd[1]: Reached target Encrypted Volumes.
[[0;32m  OK  [0m] Reached target Encrypted Volumes.
[   15.098051] systemd[1]: Listening on udev Kernel Socket.
[[0;32m  OK  [0m] Listening on udev Kernel Socket.
[   15.103908] systemd[1]: Listening on Device-mapper event daemon FIFOs.
[[0;32m  OK  [0m] Listening on Device-mapper event daemon FIFOs.
[   15.111015] systemd[1]: Listening on Journal Audit Socket.
[[0;32m  OK  [0m] Listening on Journal Audit Socket.
[   15.117121] systemd[1]: Listening on Journal Socket.
[[0;32m  OK  [0m] Listening on Journal Socket.
[   15.136727] systemd[1]: Starting Monitoring of LVM2 mirrors, snapshots etc. using dmeventd or progress polling...
         Starting Monitoring of LVM2 mirrors... dmeventd or progress polling...
[   15.150691] systemd[1]: Starting Nameserver information manager...
         Starting Nameserver information manager...
[   15.184687] systemd[1]: Mounting POSIX Message Queue File System...
         Mounting POSIX Message Queue File System...
[   15.193643] systemd[1]: Mounting Debug File System...
         Mounting Debug File System...
[   15.201582] systemd[1]: Starting Set console keymap...
         Starting Set console keymap...
[   15.209098] systemd[1]: Starting Uncomplicated firewall...
         Starting Uncomplicated firewall...
[   15.222467] systemd[1]: Starting Load Kernel Modules...
         Starting Load Kernel Modules...
[   15.232203] systemd[1]: Mounting Huge Pages File System...
         Mounting Huge Pages File System...
[   15.240770] systemd[1]: Listening on Syslog Socket.
[[0;32m  OK  [0m] Listening on Syslog Socket.
[   15.249029] systemd[1]: Starting Create list of required static device nodes for the current kernel...
         Starting Create list of required st... nodes for the current kernel...
[   15.275310] systemd[1]: Starting Journal Service...
         Starting Journal Service...
[   15.285630] Loading iSCSI transport class v2.0-870.
[   15.285960] systemd[1]: Listening on LVM2 poll daemon socket.
[[0;32m  OK  [0m] Listening on LVM2 poll daemon socket.
[   15.297759] systemd[1]: Starting Remount Root and Kernel File Systems...
         Starting Remount Root and Kernel File Systems...[   15.308353] EXT4-fs (sda1): re-mounted. Opts: (null)

[   15.312966] systemd[1]: Created slice User and Session Slice.
[[0;32m  OK  [0m] Created slice User and Session Slice.
[   15.320697] systemd[1]: Reached target Slices.
[   15.325894] iscsi: registered transport (tcp)
[[0;32m  OK  [0m] Reached target Slices.
[   15.345378] systemd[1]: Mounted POSIX Message Queue File System.
[[0;32m  OK  [0m] Mounted POSIX Message Queue File System.
[   15.359158] systemd[1]: Mounted Debug File System.
[[0;32m  OK  [0m] Mounted Debug File System.
[   15.365476] systemd[1]: Mounted Huge Pages File System.
[[0;32m  OK  [0m] Mounted Huge Pages File System.
[   15.373285] systemd[1]: Started Set console keymap.
[   15.377850] random: nonblocking pool is initialized
[[0;32m  OK  [0m] Started Set console keymap.
[   15.386384] systemd[1]: Started Uncomplicated firewall.
[[0;32m  OK  [0m] Started Uncomplicated firewall.
[   15.397251] systemd[1]: Started Create list of required static device nodes for the current kernel.
[[0;32m  OK  [0m] Started Create list of required sta...ce nodes for the current kernel.
[   15.408477] systemd[1]: Started Remount Root and Kernel File Systems.
[[0;32m  OK  [0m] Started Remount Root and Kernel File Systems.
[   15.424548] iscsi: registered transport (iser)
[   15.428707] systemd[1]: Started Nameserver information manager.
[[0;32m  OK  [0m] Started Nameserver information manager.
[   15.435796] systemd[1]: Started Load Kernel Modules.
[[0;32m  OK  [0m] Started Load Kernel Modules.
[   15.443265] systemd[1]: Started Journal Service.
[[0;32m  OK  [0m] Started Journal Service.
[[0;32m  OK  [0m] Started LVM2 metadata daemon.
         Starting Apply Kernel Variables...
         Mounting FUSE Control File System...
         Starting Load/Save Random Seed...
         Starting udev Coldplug all Devices...
         Starting Flush Journal to Persistent Storage...
         Starting Create Static Device Nodes in /dev...
[[0;32m  OK  [0m] Mounted FUSE Control File System.
[[0;32m  OK  [0m] Started Load/Save Random Seed.
[[0;32m  OK  [0m] Started Apply Kernel Variables.
[[0;32m  OK  [0m] Started Flush Journal to Persistent Storage.
[[0;32m  OK  [0m] Started udev Coldplug all Devices.
[[0;32m  OK  [0m] Started Create Static Device Nodes in /dev.
         Starting udev Kernel Device Manager...
[[0;32m  OK  [0m] Started Monitoring of LVM2 mirrors,...ng dmeventd or progress polling.
[[0;32m  OK  [0m] Started udev Kernel Device Manager.
[[0;32m  OK  [0m] Started Dispatch Password Requests to Console Directory Watch.
[[0;32m  OK  [0m] Reached target Local File Systems (Pre).
[[0;32m  OK  [0m] Reached target Local File Systems.
         Starting LSB: AppArmor initialization...
         Starting Tell Plymouth To Write Out Runtime Data...
         Starting Initial cloud-init job (pre-networking)...
         Starting Create Volatile Files and Directories...
         Starting Set console font and keymap...
         Starting Commit a transient machine-id on disk...
[[0;32m  OK  [0m] Started Tell Plymouth To Write Out Runtime Data.
[[0;32m  OK  [0m] Started Create Volatile Files and Directories.
[[0;32m  OK  [0m] Started Commit a transient machine-id on disk.
[[0;32m  OK  [0m] Found device /dev/ttyS0.
[[0;32m  OK  [0m] Listening on Load/Save RF Kill Switch Status /dev/rfkill Watch.
         Starting Update UTMP about System Boot/Shutdown...
[[0;32m  OK  [0m] Started Update UTMP about System Boot/Shutdown.
[[0;32m  OK  [0m] Started Set console font and keymap.
[[0;32m  OK  [0m] Created slice system-getty.slice.
[[0;32m  OK  [0m] Started LSB: AppArmor initialization.
[   13.287535] cloud-init[487]: Cloud-init v. 19.1-1-gbaa47854-0ubuntu1~16.04.1 running 'init-local' at Mon, 02 Sep 2019 07:50:36 +0000. Up 12.95 seconds.
[[0;32m  OK  [0m] Started Initial cloud-init job (pre-networking).
[[0;32m  OK  [0m] Reached target Network (Pre).
         Starting Raise network interfaces...
[[0;32m  OK  [0m] Started Raise network interfaces.
         Starting Initial cloud-init job (metadata service crawler)...
[[0;32m  OK  [0m] Reached target Network.
[   14.475056] cloud-init[966]: Cloud-init v. 19.1-1-gbaa47854-0ubuntu1~16.04.1 running 'init' at Mon, 02 Sep 2019 07:50:37 +0000. Up 13.79 seconds.
[   14.506985] cloud-init[966]: ci-info: ++++++++++++++++++++++++++++++++++++++Net device info+++++++++++++++++++++++++++++++++++++++
[   14.514407] cloud-init[966]: ci-info: +--------+-------+----------------------------+---------------+--------+-------------------+
[[0;32m  OK  [0m] Started Initial cloud-init job (metadata service crawler).
[   14.566859] cloud-init[966]: ci-info: | Device |   Up  |          Address           |      Mask     | Scope  |     Hw-Address    |
[   14.592936] cloud-init[966]: ci-info: +--------+-------+----------------------------+---------------+--------+-------------------+
[[0;32m  OK  [0m] Reached target Network is Online.
[   14.593458] cloud-init[966]: ci-info: | enp0s3 |  True |         10.0.2.15          | 255.255.255.0 | global | 02:cf:25:3b:33:74 |
[   14.724651] cloud-init[966]: ci-info: | enp0s3 |  True | fe80::cf:25ff:fe3b:3374/64 |       .       |  link  | 02:cf:25:3b:33:74 |
[   14.725123] cloud-init[966]: ci-info: | enp0s8 | False |             .              |       .       |   .    | 08:00:27:14:d5:a9 |
         Starting iSCSI initiator daemon (iscsid)...
[[   14.726565] cloud-init[966]: ci-info: |   lo   |  True |         127.0.0.1          |   255.0.0.0   |  host  |         .         |
[   14.919289] cloud-init[966]: ci-info: |   lo   |  True |          ::1/128           |       .       |  host  |         .         |
[   14.920869] cloud-init[966]: ci-info: +--------+-------+----------------------------+---------------+--------+-------------------+
[   14.921549] cloud-init[966]: ci-info: +++++++++++++++++++++++++++Route IPv4 info++++++++++++++++++++++++++++
[   14.922261] cloud-init[966]: ci-info: +-------+-------------+----------+---------------+-----------+-------+
[   14.923003] cloud-init[966]: ci-info: | Route | Destination | Gateway  |    Genmask    | Interface | Flags |
[   14.923719] cloud-init[966]: ci-info: +-------+-------------+----------+---------------+-----------+-------+
[   14.925127] cloud-init[966]: ci-info: |   0   |   0.0.0.0   | 10.0.2.2 |    0.0.0.0    |   enp0s3  |   UG  |
[   14.925833] cloud-init[966]: ci-info: |   1   |   10.0.2.0  | 0.0.0.0  | 255.255.255.0 |   enp0s3  |   U   |
[   14.926517] cloud-init[966]: ci-info: +-------+-------------+----------+---------------+-----------+-------+
[   14.927205] cloud-init[966]: ci-info: +++++++++++++++++++Route IPv6 info+++++++++++++++++++
[   14.927886] cloud-init[966]: ci-info: +-------+-------------+---------+-----------+-------+
[   14.929254] cloud-init[966]: ci-info: | Route | Destination | Gateway | Interface | Flags |
[   14.929935] cloud-init[966]: ci-info: +-------+-------------+---------+-----------+-------+
[   14.930647] cloud-init[966]: ci-info: |   0   |  fe80::/64  |    ::   |   enp0s3  |   U   |
[   14.931596] cloud-init[966]: ci-info: |   3   |   ff00::/8  |    ::   |   enp0s3  |   U   |
[   14.932061] cloud-init[966]: ci-info: +-------+-------------+---------+-----------+-------+
[   14.932764] cloud-init[966]: Generating public/private rsa key pair.
[   14.933437] cloud-init[966]: Your identification has been saved in /etc/ssh/ssh_host_rsa_key.
[   14.934935] cloud-init[966]: Your public key has been saved in /etc/ssh/ssh_host_rsa_key.pub.
[   14.935747] cloud-init[966]: The key fingerprint is:
[   14.937340] cloud-init[966]: SHA256:h3cuFkMlEvN5Nl45xCZ/3w/baPaZQ6oyLitxrg1LH2Q root@ubuntu-xenial
[   14.938022] cloud-init[966]: The key's randomart image is:
[   14.938987] cloud-init[966]: +---[RSA 2048]----+
[   14.939693] cloud-init[966]: |        +.. ...  |
[   14.941121] cloud-init[966]: |         + +..o. |
[   14.941825] cloud-init[966]: |          + +++  |
[   14.942528] cloud-init[966]: |         o + o...|
[   14.943233] cloud-init[966]: |       ES = o  .o|
[   14.943937] cloud-init[966]: |     .o. o =  ..o|
[   14.945349] cloud-init[966]: |     o+.  o . o=.|
[   14.946057] cloud-init[966]: |    ..=o.+ . .=.=|
[   14.946759] cloud-init[966]: |     oo++.o..o +o|
[   14.947465] cloud-init[966]: +----[SHA256]-----+
[   14.948932] cloud-init[966]: Generating public/private dsa key pair.
[   14.949616] cloud-init[966]: Your identification has been saved in /etc/ssh/ssh_host_dsa_key.
[   14.950299] cloud-init[966]: Your public key has been saved in /etc/ssh/ssh_host_dsa_key.pub.
[   14.950981] cloud-init[966]: The key fingerprint is:
[   14.951876] cloud-init[966]: SHA256:wOAY46VRoxAAAbnbVxk2KAm3SDcVHQ/m6neI2xi9evo root@ubuntu-xenial
[   14.953385] cloud-init[966]: The key's randomart image is:
[   14.954087] cloud-init[966]: +---[DSA 1024]----+
[   14.954795] cloud-init[966]: |%*==*+o+.        |
[   14.955499] cloud-init[966]: |o=+@o+*.o        |
[   14.956908] cloud-init[966]: |..*...o= .       |
[   14.957613] cloud-init[966]: |.     +.         |
[   14.958313] cloud-init[966]: | o   o  S        |
[   14.959026] cloud-init[966]: |. . o o .        |
[   14.959768] cloud-init[966]: |   . + + .       |
[   14.961232] cloud-init[966]: |      *.o        |
[   14.961966] cloud-init[966]: |     ==E         |
[   14.962825] cloud-init[966]: +----[SHA256]-----+
[   14.963562] cloud-init[966]: Generating public/private ecdsa key pair.
[   14.964991] cloud-init[966]: Your identification has been saved in /etc/ssh/ssh_host_ecdsa_key.
[   14.965673] cloud-init[966]: Your public key has been saved in /etc/ssh/ssh_host_ecdsa_key.pub.
[   14.966355] cloud-init[966]: The key fingerprint is:
[   14.967038] cloud-init[966]: SHA256:7gLZLYwg/LscuDmDppGSG+4o3tY5MWFzfiYBMVEzUys root@ubuntu-xenial
[   14.967722] cloud-init[966]: The key's randomart image is:
[   14.969091] cloud-init[966]: +---[ECDSA 256]---+
[   14.969774] cloud-init[966]: |     ++=..       |
[   14.970456] cloud-init[966]: |     .. + .      |
[   14.971140] cloud-init[966]: |.     .E .       |
[   14.971855] cloud-init[966]: |...  + o.        |
[   14.973508] cloud-init[966]: | ....==.S        |
[   14.974333] cloud-init[966]: | o..+o++.o       |
[   14.975048] cloud-init[966]: |B. .o.+.=        |
[   14.975732] cloud-init[966]: |*B=o.+..         |
[   14.977099] cloud-init[966]: |X*++. ...        |
[   14.977783] cloud-init[966]: +----[SHA256]-----+
[   14.978494] cloud-init[966]: Generating public/private ed25519 key pair.
[   14.979176] cloud-init[966]: Your identification has been saved in /etc/ssh/ssh_host_ed25519_key.
[   14.979889] cloud-init[966]: Your public key has been saved in /etc/ssh/ssh_host_ed25519_key.pub.
[   14.981354] cloud-init[966]: The key fingerprint is:
[   14.982070] cloud-init[966]: SHA256:UVBJxHpnO02L8v6X6RbZHHlk6ZiVHis8hM3RcArs8bg root@ubuntu-xenial
[   16.103305] cloud-init[966]: The key's randomart image is:
[   16.103873] cloud-init[966]: +--[ED25519 256]--+
[   16.105394] cloud-init[966]: |        .**o+o+.o|
[   16.106153] cloud-init[966]: |         .o+.+o*o|
[   16.107153] cloud-init[966]: |        ... *.*o+|
[   16.107505] cloud-init[966]: |        ...ooB.*.|
[   16.108847] cloud-init[966]: |        S. o.=oo=|
[   16.109519] cloud-init[966]: |          .E+ ooo|
[   16.110191] cloud-init[966]: |           o .  +|
[0;32m  OK  [0m] Reached target System Initialization.
[[   16.110968] cloud-init[966]: |            .  +.|
[   16.492540] cloud-init[966]: |           ...+o |
[0;32m  OK  [0m] Started Daily apt download activities.
[   16.493411] cloud-init[966]: +----[SHA256]-----+
[[0;32m  OK  [0m] Listening on ACPID Listen Socket.
[[0;32m  OK  [0m] Started Daily Cleanup of Temporary Directories.
         Starting LXD - unix socket.
[[0;32m  OK  [0m] Listening on D-Bus System Message Bus Socket.
[[0;32m  OK  [0m] Started ACPI Events Check.
[[0;32m  OK  [0m] Reached target Paths.
         Starting Socket activation for snappy daemon.
[[0;32m  OK  [0m] Started Daily apt upgrade and clean activities.
[[0;32m  OK  [0m] Reached target Timers.
[[0;32m  OK  [0m] Listening on UUID daemon activation socket.
[[0;32m  OK  [0m] Reached target Cloud-config availability.
[[0;32m  OK  [0m] Listening on LXD - unix socket.
[[0;32m  OK  [0m] Listening on Socket activation for snappy daemon.
[[0;32m  OK  [0m] Started iSCSI initiator daemon (iscsid).
         Starting Login to default iSCSI targets...
[[0;32m  OK  [0m] Reached target Sockets.
[[0;32m  OK  [0m] Reached target Basic System.
[[0;32m  OK  [0m] Started D-Bus System Message Bus.
         Starting Pollinate to seed the pseudo random number generator...
         Starting LSB: Record successful boot for GRUB...
[[0;32m  OK  [0m] Started ACPI event daemon.
         Starting /etc/rc.local Compatibility...
         Starting Virtualbox guest utils...
         Starting LSB: MD monitoring daemon...
[[0;32m  OK  [0m] Started FUSE filesystem for LXC.
         Starting Accounts Service...
         Starting Login Service...
         Starting LXD - container startup/shutdown...
[[0;32m  OK  [0m] Started Regular background program processing daemon.
         Starting System Logging Service...
         Starting Snappy daemon...
[[0;32m  OK  [0m] Started Deferred execution scheduler.
[[0;32m  OK  [0m] Started /etc/rc.local Compatibility.
[[0;32m  OK  [0m] Started Login Service.
[[0;32m  OK  [0m] Started Unattended Upgrades Shutdown.
[[0;32m  OK  [0m] Started LSB: Record successful boot for GRUB.
[[0;32m  OK  [0m] Started Login to default iSCSI targets.
[[0;32m  OK  [0m] Reached target Remote File Systems (Pre).
[[0;32m  OK  [0m] Reached target Remote File Systems.
         Starting LSB: Set the CPU Frequency Scaling governor to "ondemand"...
         Starting Permit User Sessions...
         Starting LSB: automatic crash report generation...
         Starting LSB: daemon to balance interrupts for SMP systems...
[[0;32m  OK  [0m] Started LSB: MD monitoring daemon.
[[0;32m  OK  [0m] Started Permit User Sessions.
[[0;32m  OK  [0m] Started System Logging Service.
         Starting Hold until boot process finishes up...
         Starting Terminate Plymouth Boot Screen...
[[0;32m  OK  [0m] Started LSB: Set the CPU Frequency Scaling governor to "ondemand".
[[0;32m  OK  [0m] Started Hold until boot process finishes up.
[[0;32m  OK  [0m] Started Terminate Plymouth Boot Screen.
[[0;32m  OK  [0m] Started LSB: daemon to balance interrupts for SMP systems.
         Starting Set console scheme...
[[0;32m  OK  [0m] Started Getty on tty1.
[[0;32m  OK  [0m] Started Serial Getty on ttyS0.
[[0;32m  OK  [0m] Reached target Login Prompts.
[[0;32m  OK  [0m] Started LSB: automatic crash report generation.
[[0;32m  OK  [0m] Started Set console scheme.
[[0;32m  OK  [0m] Started Virtualbox guest utils.
         Starting Authenticate and Authorize Users to Run Privileged Tasks...
[[0;32m  OK  [0m] Started Authenticate and Authorize Users to Run Privileged Tasks.
[[0;32m  OK  [0m] Started Accounts Service.
[[0;32m  OK  [0m] Started LXD - container startup/shutdown.
[[0;32m  OK  [0m] Started Snappy daemon.
         Starting Wait until snapd is fully seeded...
[[0;32m  OK  [0m] Started Pollinate to seed the pseudo random number generator.
         Starting OpenBSD Secure Shell server...
[[0;32m  OK  [0m] Started OpenBSD Secure Shell server.
[[0;32m  OK  [0m] Created slice User Slice of vagrant.
         Starting User Manager for UID 1000...
[[0;32m  OK  [0m] Started Session 1 of user vagrant.
[[0;32m  OK  [0m] Started User Manager for UID 1000.
[[0;32m  OK  [0m] Started Session 2 of user vagrant.
[   22.851745] cloud-init[1570]: Generating locales (this might take a while)...

Ubuntu 16.04.6 LTS webserver2 ttyS0

webserver2 login: [   23.645538] cloud-init[1570]:   en_US.UTF-8... done
[   23.651648] cloud-init[1570]: Generation complete.
[   24.136910] cloud-init[1570]: Cloud-init v. 19.1-1-gbaa47854-0ubuntu1~16.04.1 running 'modules:config' at Mon, 02 Sep 2019 07:50:46 +0000. Up 22.73 seconds.
ci-info: no authorized ssh keys fingerprints found for user ubuntu.
<14>Sep  2 07:50:47 ec2: 
<14>Sep  2 07:50:47 ec2: #############################################################
<14>Sep  2 07:50:47 ec2: -----BEGIN SSH HOST KEY FINGERPRINTS-----
<14>Sep  2 07:50:47 ec2: 1024 SHA256:wOAY46VRoxAAAbnbVxk2KAm3SDcVHQ/m6neI2xi9evo root@ubuntu-xenial (DSA)
<14>Sep  2 07:50:47 ec2: 256 SHA256:7gLZLYwg/LscuDmDppGSG+4o3tY5MWFzfiYBMVEzUys root@ubuntu-xenial (ECDSA)
<14>Sep  2 07:50:47 ec2: 256 SHA256:UVBJxHpnO02L8v6X6RbZHHlk6ZiVHis8hM3RcArs8bg root@ubuntu-xenial (ED25519)
<14>Sep  2 07:50:47 ec2: 2048 SHA256:h3cuFkMlEvN5Nl45xCZ/3w/baPaZQ6oyLitxrg1LH2Q root@ubuntu-xenial (RSA)
<14>Sep  2 07:50:47 ec2: -----END SSH HOST KEY FINGERPRINTS-----
<14>Sep  2 07:50:47 ec2: #############################################################
-----BEGIN SSH HOST KEY KEYS-----
ecdsa-sha2-nistp256 AAAAE2VjZHNhLXNoYTItbmlzdHAyNTYAAAAIbmlzdHAyNTYAAABBBAz0iQgcxEoW39Kz73D8P08ZPrc0BTe9F9UHVyRgD8c+Fc1W734cu9ZAKbL4Ef5WcfYoVbiASgTcD42QLRqUtLQ= root@ubuntu-xenial
ssh-ed25519 AAAAC3NzaC1lZDI1NTE5AAAAIKbKDPP8MG043R3HiW3bgduLLYG2iY7ya/ov0woJ7si1 root@ubuntu-xenial
ssh-rsa AAAAB3NzaC1yc2EAAAADAQABAAABAQDAhf5HjSOMVw5yCkMrdzeUh1Ycr/9/cm0X8DVgSA1OGI3SNpsNfRqtLkOB3qHtqIAyqZtKKfHo6r+P7uGgD2+DF6Sy2dtuhNljf28K9LsC+ASUkNme/Pm6etIDH8Ob2QBn4yvbdAbZAk73e2gOUqVb7edJwQOrihwyxVr/2lk7uBcDLw1AcBqYJvGpODidjM2JI3PEuOUtym0A9JuKvB8AKLmpBYLdPvtDZw7KxsXfd9KDITvVcz5J0qpVUfbxl83bdPMzLJBbNjtdHnUM0CJoZ3H/m1hJhgM8P2LypIe8kSczXyXexrLApecJpw3eDQKXEyK/J06Tz0gATN3k3sLf root@ubuntu-xenial
-----END SSH HOST KEY KEYS-----
[   24.594470] cloud-init[1932]: Cloud-init v. 19.1-1-gbaa47854-0ubuntu1~16.04.1 running 'modules:final' at Mon, 02 Sep 2019 07:50:47 +0000. Up 24.43 seconds.
[   24.596405] cloud-init[1932]: ci-info: no authorized ssh keys fingerprints found for user ubuntu.
[   24.596543] cloud-init[1932]: Cloud-init v. 19.1-1-gbaa47854-0ubuntu1~16.04.1 finished at Mon, 02 Sep 2019 07:50:47 +0000. Datasource DataSourceNoCloud [seed=/dev/sdb][dsmode=net].  Up 24.56 seconds
